Archive member included to satisfy reference by file (symbol)

/usr/lib/gcc/arm-none-eabi/4.9.3/../../../arm-none-eabi/lib/armv7-m/libc.a(lib_a-abort.o)
                              build/obj/uc_error.o (abort)
/usr/lib/gcc/arm-none-eabi/4.9.3/../../../arm-none-eabi/lib/armv7-m/libc.a(lib_a-atoff.o)
                              build/obj/config_cli.o (atoff)
/usr/lib/gcc/arm-none-eabi/4.9.3/../../../arm-none-eabi/lib/armv7-m/libc.a(lib_a-memcmp.o)
                              build/obj/config_storage_stm32.o (memcmp)
/usr/lib/gcc/arm-none-eabi/4.9.3/../../../arm-none-eabi/lib/armv7-m/libc.a(lib_a-memcpy.o)
                              build/obj/config_storage_stm32.o (memcpy)
/usr/lib/gcc/arm-none-eabi/4.9.3/../../../arm-none-eabi/lib/armv7-m/libc.a(lib_a-memmove.o)
                              build/obj/gnss.o (memmove)
/usr/lib/gcc/arm-none-eabi/4.9.3/../../../arm-none-eabi/lib/armv7-m/libc.a(lib_a-memset.o)
                              build/obj/syscalls.o (memset)
/usr/lib/gcc/arm-none-eabi/4.9.3/../../../arm-none-eabi/lib/armv7-m/libc.a(lib_a-mktime.o)
                              build/obj/ublox.o (mktime)
/usr/lib/gcc/arm-none-eabi/4.9.3/../../../arm-none-eabi/lib/armv7-m/libc.a(lib_a-rand.o)
                              build/obj/uc_dynamic_node_id_client.o (rand)
/usr/lib/gcc/arm-none-eabi/4.9.3/../../../arm-none-eabi/lib/armv7-m/libc.a(lib_a-sf_fpclassify.o)
                              build/obj/config.o (__fpclassifyf)
/usr/lib/gcc/arm-none-eabi/4.9.3/../../../arm-none-eabi/lib/armv7-m/libc.a(lib_a-signal.o)
                              /usr/lib/gcc/arm-none-eabi/4.9.3/../../../arm-none-eabi/lib/armv7-m/libc.a(lib_a-abort.o) (raise)
/usr/lib/gcc/arm-none-eabi/4.9.3/../../../arm-none-eabi/lib/armv7-m/libc.a(lib_a-signalr.o)
                              /usr/lib/gcc/arm-none-eabi/4.9.3/../../../arm-none-eabi/lib/armv7-m/libc.a(lib_a-signal.o) (_kill_r)
/usr/lib/gcc/arm-none-eabi/4.9.3/../../../arm-none-eabi/lib/armv7-m/libc.a(lib_a-strcasecmp.o)
                              build/obj/shell.o (strcasecmp)
/usr/lib/gcc/arm-none-eabi/4.9.3/../../../arm-none-eabi/lib/armv7-m/libc.a(lib_a-strcmp.o)
                              build/obj/config.o (strcmp)
/usr/lib/gcc/arm-none-eabi/4.9.3/../../../arm-none-eabi/lib/armv7-m/libc.a(lib_a-strlen.o)
                              build/obj/sys_console.o (strlen)
/usr/lib/gcc/arm-none-eabi/4.9.3/../../../arm-none-eabi/lib/armv7-m/libc.a(lib_a-strncmp.o)
                              build/obj/uc_data_type.o (strncmp)
/usr/lib/gcc/arm-none-eabi/4.9.3/../../../arm-none-eabi/lib/armv7-m/libc.a(lib_a-strncpy.o)
                              build/obj/sys.o (strncpy)
/usr/lib/gcc/arm-none-eabi/4.9.3/../../../arm-none-eabi/lib/armv7-m/libc.a(lib_a-strpbrk.o)
                              build/obj/shell.o (strpbrk)
/usr/lib/gcc/arm-none-eabi/4.9.3/../../../arm-none-eabi/lib/armv7-m/libc.a(lib_a-strspn.o)
                              build/obj/shell.o (strspn)
/usr/lib/gcc/arm-none-eabi/4.9.3/../../../arm-none-eabi/lib/armv7-m/libc.a(lib_a-strtod.o)
                              /usr/lib/gcc/arm-none-eabi/4.9.3/../../../arm-none-eabi/lib/armv7-m/libc.a(lib_a-atoff.o) (strtof)
/usr/lib/gcc/arm-none-eabi/4.9.3/../../../arm-none-eabi/lib/armv7-m/libc.a(lib_a-tzcalc_limits.o)
                              /usr/lib/gcc/arm-none-eabi/4.9.3/../../../arm-none-eabi/lib/armv7-m/libc.a(lib_a-mktime.o) (__tzcalc_limits)
/usr/lib/gcc/arm-none-eabi/4.9.3/../../../arm-none-eabi/lib/armv7-m/libc.a(lib_a-tzlock.o)
                              /usr/lib/gcc/arm-none-eabi/4.9.3/../../../arm-none-eabi/lib/armv7-m/libc.a(lib_a-mktime.o) (__tz_lock)
/usr/lib/gcc/arm-none-eabi/4.9.3/../../../arm-none-eabi/lib/armv7-m/libc.a(lib_a-tzset.o)
                              /usr/lib/gcc/arm-none-eabi/4.9.3/../../../arm-none-eabi/lib/armv7-m/libc.a(lib_a-mktime.o) (_tzset_unlocked)
/usr/lib/gcc/arm-none-eabi/4.9.3/../../../arm-none-eabi/lib/armv7-m/libc.a(lib_a-tzset_r.o)
                              /usr/lib/gcc/arm-none-eabi/4.9.3/../../../arm-none-eabi/lib/armv7-m/libc.a(lib_a-tzset.o) (_tzset_unlocked_r)
/usr/lib/gcc/arm-none-eabi/4.9.3/../../../arm-none-eabi/lib/armv7-m/libc.a(lib_a-tzvars.o)
                              /usr/lib/gcc/arm-none-eabi/4.9.3/../../../arm-none-eabi/lib/armv7-m/libc.a(lib_a-tzset_r.o) (_timezone)
/usr/lib/gcc/arm-none-eabi/4.9.3/../../../arm-none-eabi/lib/armv7-m/libc.a(lib_a-vsnprintf.o)
                              build/obj/node.o (vsnprintf)
/usr/lib/gcc/arm-none-eabi/4.9.3/../../../arm-none-eabi/lib/armv7-m/libc.a(lib_a-ctype_.o)
                              /usr/lib/gcc/arm-none-eabi/4.9.3/../../../arm-none-eabi/lib/armv7-m/libc.a(lib_a-strcasecmp.o) (__ctype_ptr__)
/usr/lib/gcc/arm-none-eabi/4.9.3/../../../arm-none-eabi/lib/armv7-m/libc.a(lib_a-div.o)
                              /usr/lib/gcc/arm-none-eabi/4.9.3/../../../arm-none-eabi/lib/armv7-m/libc.a(lib_a-mktime.o) (div)
[...]
Memory Configuration

Name             Origin             Length             Attributes
flash            0x0000000008000000 0x0000000000040000
ram              0x0000000020000000 0x0000000000010000
*default*        0x0000000000000000 0xffffffffffffffff

Linker script and memory map

LOAD build/obj/ms5611.o
LOAD build/obj/config.o
LOAD build/obj/config_storage_stm32.o
LOAD build/obj/watchdog_stm32.o
LOAD build/obj/sys_stm32.o
LOAD build/obj/sys_console.o
LOAD build/obj/sys.o
LOAD build/obj/crt0.o
LOAD build/obj/vectors.o
LOAD build/obj/chcore.o
LOAD build/obj/chcore_v7m.o
LOAD build/obj/nvic.o
LOAD build/obj/chsys.o
LOAD build/obj/chdebug.o
LOAD build/obj/chlists.o
LOAD build/obj/chvt.o
LOAD build/obj/chschd.o
LOAD build/obj/chthreads.o
LOAD build/obj/chdynamic.o
LOAD build/obj/chregistry.o
LOAD build/obj/chsem.o
LOAD build/obj/chmtx.o
LOAD build/obj/chcond.o
LOAD build/obj/chevents.o
LOAD build/obj/chmsg.o
LOAD build/obj/chmboxes.o
LOAD build/obj/chqueues.o
LOAD build/obj/chmemcore.o
LOAD build/obj/chheap.o
LOAD build/obj/chmempools.o
LOAD build/obj/hal.o
LOAD build/obj/adc.o
LOAD build/obj/can.o
LOAD build/obj/ext.o
LOAD build/obj/gpt.o
LOAD build/obj/i2c.o
LOAD build/obj/icu.o
LOAD build/obj/mac.o
LOAD build/obj/mmc_spi.o
LOAD build/obj/mmcsd.o
LOAD build/obj/pal.o
LOAD build/obj/pwm.o
LOAD build/obj/rtc.o
LOAD build/obj/sdc.o
LOAD build/obj/serial.o
LOAD build/obj/serial_usb.o
LOAD build/obj/spi.o
LOAD build/obj/tm.o
LOAD build/obj/uart.o
LOAD build/obj/usb.o
LOAD build/obj/stm32_dma.o
LOAD build/obj/hal_lld.o
LOAD build/obj/adc_lld.o
LOAD build/obj/ext_lld_isr.o
LOAD build/obj/can_lld.o
LOAD build/obj/ext_lld.o
LOAD build/obj/mac_lld.o
LOAD build/obj/sdc_lld.o
LOAD build/obj/pal_lld.o
LOAD build/obj/i2c_lld.o
LOAD build/obj/rtc_lld.o
LOAD build/obj/spi_lld.o
LOAD build/obj/gpt_lld.o
LOAD build/obj/icu_lld.o
LOAD build/obj/pwm_lld.o
LOAD build/obj/serial_lld.o
LOAD build/obj/uart_lld.o
LOAD build/obj/usb_lld.o
LOAD build/obj/syscalls.o
LOAD build/obj/chprintf.o
LOAD build/obj/shell.o
LOAD build/obj/memstreams.o
LOAD build/obj/gnss.o
LOAD build/obj/magnetometer.o
LOAD build/obj/node.o
LOAD build/obj/main.o
LOAD build/obj/board.o
LOAD build/obj/ublox.o
LOAD build/obj/bootloader_interface.o
LOAD build/obj/air_sensor.o
LOAD build/obj/cli.o
LOAD build/obj/uc_data_type.o
LOAD build/obj/uc_node_status_provider.o
LOAD build/obj/uc_dynamic_node_id_client.o
LOAD build/obj/uc_scalar_codec.o
LOAD build/obj/uc_bit_array_copy.o
LOAD build/obj/uc_bit_stream.o
LOAD build/obj/uc_float_spec.o
LOAD build/obj/uc_crc.o
LOAD build/obj/uc_can_acceptance_filter_configurator.o
LOAD build/obj/uc_transfer_buffer.o
LOAD build/obj/uc_transfer_receiver.o
LOAD build/obj/uc_transfer_listener.o
LOAD build/obj/uc_transfer.o
LOAD build/obj/uc_outgoing_transfer_registry.o
LOAD build/obj/uc_frame.o
LOAD build/obj/uc_transfer_sender.o
LOAD build/obj/uc_dispatcher.o
LOAD build/obj/uc_can_io.o
LOAD build/obj/uc_generic_publisher.o
LOAD build/obj/uc_timer.o
LOAD build/obj/uc_global_data_type_registry.o
LOAD build/obj/uc_scheduler.o
LOAD build/obj/uc_service_client.o
LOAD build/obj/uc_generic_subscriber.o
LOAD build/obj/uc_dynamic_memory.o
LOAD build/obj/uc_can.o
LOAD build/obj/uc_error.o
LOAD build/obj/uc_stm32_clock.o
LOAD build/obj/uc_stm32_can.o
LOAD build/obj/uc_stm32_thread.o
LOAD build/obj/config_cli.o
LOAD build/obj/libstdcpp.o
LOAD build/obj/ch.o
LOAD /usr/lib/gcc/arm-none-eabi/4.9.3/../../../arm-none-eabi/lib/armv7-m/libc.a
LOAD /usr/lib/gcc/arm-none-eabi/4.9.3/armv7-m/libgcc.a
LOAD /usr/lib/gcc/arm-none-eabi/4.9.3/../../../arm-none-eabi/lib/armv7-m/libm.a
                0x0000000000000400                __main_stack_size__ = 0x400
                0x0000000000000400                __process_stack_size__ = 0x400
                0x0000000020000000                __ram_start__ = ORIGIN (ram)
                0x0000000000010000                __ram_size__ = LENGTH (ram)
                0x0000000020010000                __ram_end__ = (__ram_start__ + __ram_size__)
                0x0000000000000000                . = 0x0
                0x0000000000000000                _text = .

startup         0x0000000008000000      0x150
 *(vectors)
 vectors        0x0000000008000000      0x150 build/obj/vectors.o
                0x0000000008000000                _vectors

constructors    0x0000000008000150       0x34
                0x0000000008000150                PROVIDE (__init_array_start, .)
 *(SORT(.init_array.*))
 *(.init_array)
 .init_array    0x0000000008000150        0x4 build/obj/gnss.o
 .init_array    0x0000000008000154        0x4 build/obj/magnetometer.o
 .init_array    0x0000000008000158        0x4 build/obj/node.o
 .init_array    0x000000000800015c        0x4 build/obj/main.o
 .init_array    0x0000000008000160        0x4 build/obj/bootloader_interface.o
 .init_array    0x0000000008000164        0x4 build/obj/air_sensor.o
 .init_array    0x0000000008000168        0x4 build/obj/uc_node_status_provider.o
 .init_array    0x000000000800016c        0x4 build/obj/uc_dynamic_node_id_client.o
 .init_array    0x0000000008000170        0x4 build/obj/uc_transfer.o
 .init_array    0x0000000008000174        0x4 build/obj/uc_outgoing_transfer_registry.o
 .init_array    0x0000000008000178        0x4 build/obj/uc_stm32_clock.o
 .init_array    0x000000000800017c        0x4 build/obj/uc_stm32_can.o
 .init_array    0x0000000008000180        0x4 build/obj/uc_stm32_thread.o
                0x0000000008000184                PROVIDE (__init_array_end, .)

destructors     0x0000000008000184        0x0
                0x0000000008000184                PROVIDE (__fini_array_start, .)
 *(.fini_array)
 *(SORT(.fini_array.*))
                0x0000000008000184                PROVIDE (__fini_array_end, .)

.text           0x0000000008000190    0x1d480
 *(.text.startup.*)
 .text.startup._ZN4gnss12_GLOBAL__N_110GnssThread4mainEv
                0x0000000008000190      0x1ec build/obj/gnss.o
 *fill*         0x000000000800037c        0x4 
 .text.startup._GLOBAL__sub_I__ZN4gnss4initEv
                0x0000000008000380      0x45c build/obj/gnss.o
 *fill*         0x00000000080007dc        0x4 
 .text.startup._ZN12magnetometer12_GLOBAL__N_19MagThread4mainEv
                0x00000000080007e0      0x228 build/obj/magnetometer.o
 *fill*         0x0000000008000a08        0x8 
 .text.startup._GLOBAL__sub_I__ZN12magnetometer4initEv
                0x0000000008000a10      0x280 build/obj/magnetometer.o
 .text.startup._ZN4node12_GLOBAL__N_15._3454mainEv
                0x0000000008000c90      0x188 build/obj/node.o
 *fill*         0x0000000008000e18        0x8 
 .text.startup._GLOBAL__sub_I__ZN4node4LockC2Ev
                0x0000000008000e20      0x464 build/obj/node.o
 *fill*         0x0000000008001284        0xc 
 .text.startup.main
                0x0000000008001290       0xc4 build/obj/main.o
                0x0000000008001290                main
 *fill*         0x0000000008001354        0xc 
 .text.startup._GLOBAL__sub_I_main
                0x0000000008001360      0x170 build/obj/main.o
 .text.startup._GLOBAL__sub_I__ZN20bootloader_interface4initEv
                0x00000000080014d0      0x17c build/obj/bootloader_interface.o
 *fill*         0x000000000800164c        0x4 
 .text.startup._ZN10air_sensor12_GLOBAL__N_115AirSensorThread4mainEv
                0x0000000008001650      0x32c build/obj/air_sensor.o
 *fill*         0x000000000800197c        0x4 
 .text.startup._GLOBAL__sub_I__ZN10air_sensor4initEv
                0x0000000008001980      0x2f4 build/obj/air_sensor.o
 *fill*         0x0000000008001c74        0xc 
 .text.startup._GLOBAL__sub_I__ZNK6uavcan18NodeStatusProvider21isNodeInfoInitializedEv
                0x0000000008001c80       0xb4 build/obj/uc_node_status_provider.o
 *fill*         0x0000000008001d34        0xc 
 .text.startup._GLOBAL__sub_I__ZN6uavcan19DynamicNodeIDClient9terminateEv
                0x0000000008001d40       0xa4 build/obj/uc_dynamic_node_id_client.o
 *fill*         0x0000000008001de4        0xc 
 .text.startup._GLOBAL__sub_I__ZN6uavcan16TransferPriority6BitLenE
                0x0000000008001df0       0x40 build/obj/uc_transfer.o
 .text.startup._GLOBAL__sub_I__ZN6uavcan24OutgoingTransferRegistry16MinEntryLifetimeE
                0x0000000008001e30       0x24 build/obj/uc_outgoing_transfer_registry.o
 *fill*         0x0000000008001e54        0xc 
 .text.startup._GLOBAL__sub_I__ZN12uavcan_stm325clock4initEv
                0x0000000008001e60      0x1d8 build/obj/uc_stm32_clock.o
 *fill*         0x0000000008002038        0x8 
 .text.startup._GLOBAL__sub_I__ZN12uavcan_stm328CanIface7RxQueue16registerOverflowEv
                0x0000000008002040      0x170 build/obj/uc_stm32_can.o
 .text.startup._GLOBAL__sub_I__ZN12uavcan_stm328BusEvent4waitEN6uavcan17MonotonicDurationE
                0x00000000080021b0      0x170 build/obj/uc_stm32_thread.o
 .text.startup._ZN10chibios_rt10BaseThread4mainEv
                0x0000000008002320        0x4 build/obj/ch.o
                0x0000000008002320                chibios_rt::BaseThread::main()
 *(.text)
 *fill*         0x0000000008002324        0xc 
 .text          0x0000000008002330       0xec /usr/lib/gcc/arm-none-eabi/4.9.3/../../../arm-none-eabi/lib/armv7-m/libc.a(lib_a-memcpy.o)
                0x0000000008002330                memcpy
 *fill*         0x000000000800241c        0x4 
 .text          0x0000000008002420      0x1bc /usr/lib/gcc/arm-none-eabi/4.9.3/../../../arm-none-eabi/lib/armv7-m/libc.a(lib_a-strcmp.o)
                0x0000000008002420                strcmp
 *fill*         0x00000000080025dc        0x4 
 .text          0x00000000080025e0       0x18 /usr/lib/gcc/arm-none-eabi/4.9.3/armv7-m/libgcc.a(_lshrdi3.o)
                0x00000000080025e0                __aeabi_llsr
                0x00000000080025e0                __lshrdi3
 *fill*         0x00000000080025f8        0x8 
 .text          0x0000000008002600      0x370 /usr/lib/gcc/arm-none-eabi/4.9.3/armv7-m/libgcc.a(_arm_addsubdf3.o)
                0x0000000008002600                __aeabi_drsub
                0x0000000008002608                __aeabi_dsub
                0x0000000008002608                __subdf3
                0x000000000800260c                __adddf3
                0x000000000800260c                __aeabi_dadd
                0x0000000008002884                __aeabi_ui2d
                0x0000000008002884                __floatunsidf
                0x00000000080028a4                __floatsidf
                0x00000000080028a4                __aeabi_i2d
                0x00000000080028c8                __extendsfdf2
                0x00000000080028c8                __aeabi_f2d
                0x0000000008002904                __aeabi_ul2d
                0x0000000008002904                __floatundidf
                0x0000000008002914                __floatdidf
                0x0000000008002914                __aeabi_l2d
 .text          0x0000000008002970      0x424 /usr/lib/gcc/arm-none-eabi/4.9.3/armv7-m/libgcc.a(_arm_muldivdf3.o)
                0x0000000008002970                __aeabi_dmul
                0x0000000008002970                __muldf3
                0x0000000008002bc4                __aeabi_ddiv
                0x0000000008002bc4                __divdf3
 *fill*         0x0000000008002d94        0xc 
 .text          0x0000000008002da0      0x110 /usr/lib/gcc/arm-none-eabi/4.9.3/armv7-m/libgcc.a(_arm_cmpdf2.o)
                0x0000000008002da0                __gtdf2
                0x0000000008002da0                __gedf2
                0x0000000008002da8                __ltdf2
                0x0000000008002da8                __ledf2
                0x0000000008002db0                __cmpdf2
                0x0000000008002db0                __eqdf2
                0x0000000008002db0                __nedf2
                0x0000000008002e2c                __aeabi_cdrcmple
                0x0000000008002e3c                __aeabi_cdcmple
                0x0000000008002e3c                __aeabi_cdcmpeq
                0x0000000008002e4c                __aeabi_dcmpeq
                0x0000000008002e60                __aeabi_dcmplt
                0x0000000008002e74                __aeabi_dcmple
                0x0000000008002e88                __aeabi_dcmpge
                0x0000000008002e9c                __aeabi_dcmpgt
 .text          0x0000000008002eb0       0x50 /usr/lib/gcc/arm-none-eabi/4.9.3/armv7-m/libgcc.a(_arm_fixdfsi.o)
                0x0000000008002eb0                __fixdfsi
                0x0000000008002eb0                __aeabi_d2iz
 .text          0x0000000008002f00       0x40 /usr/lib/gcc/arm-none-eabi/4.9.3/armv7-m/libgcc.a(_arm_fixunsdfsi.o)
                0x0000000008002f00                __fixunsdfsi
                0x0000000008002f00                __aeabi_d2uiz
 .text          0x0000000008002f40       0xa0 /usr/lib/gcc/arm-none-eabi/4.9.3/armv7-m/libgcc.a(_arm_truncdfsf2.o)
                0x0000000008002f40                __aeabi_d2f
                0x0000000008002f40                __truncdfsf2
 .text          0x0000000008002fe0      0x21c /usr/lib/gcc/arm-none-eabi/4.9.3/armv7-m/libgcc.a(_arm_addsubsf3.o)
                0x0000000008002fe0                __aeabi_frsub
                0x0000000008002fe8                __subsf3
                0x0000000008002fe8                __aeabi_fsub
                0x0000000008002fec                __aeabi_fadd
                0x0000000008002fec                __addsf3
                0x000000000800314c                __aeabi_ui2f
                0x000000000800314c                __floatunsisf
                0x0000000008003154                __aeabi_i2f
                0x0000000008003154                __floatsisf
                0x0000000008003170                __floatundisf
                0x0000000008003170                __aeabi_ul2f
                0x0000000008003180                __floatdisf
                0x0000000008003180                __aeabi_l2f
 *fill*         0x00000000080031fc        0x4 
 .text          0x0000000008003200      0x2a0 /usr/lib/gcc/arm-none-eabi/4.9.3/armv7-m/libgcc.a(_arm_muldivsf3.o)
                0x0000000008003200                __mulsf3
                0x0000000008003200                __aeabi_fmul
                0x0000000008003368                __divsf3
                0x0000000008003368                __aeabi_fdiv
 .text          0x00000000080034a0       0xec /usr/lib/gcc/arm-none-eabi/4.9.3/armv7-m/libgcc.a(_arm_cmpsf2.o)
                0x00000000080034a0                __gtsf2
                0x00000000080034a0                __gesf2
                0x00000000080034a8                __lesf2
                0x00000000080034a8                __ltsf2
                0x00000000080034b0                __nesf2
                0x00000000080034b0                __eqsf2
                0x00000000080034b0                __cmpsf2
                0x0000000008003510                __aeabi_cfrcmple
                0x0000000008003518                __aeabi_cfcmple
                0x0000000008003518                __aeabi_cfcmpeq
                0x0000000008003528                __aeabi_fcmpeq
                0x000000000800353c                __aeabi_fcmplt
                0x0000000008003550                __aeabi_fcmple
                0x0000000008003564                __aeabi_fcmpge
                0x0000000008003578                __aeabi_fcmpgt
 *fill*         0x000000000800358c        0x4 
 .text          0x0000000008003590       0x2c /usr/lib/gcc/arm-none-eabi/4.9.3/armv7-m/libgcc.a(_arm_unordsf2.o)
                0x0000000008003590                __aeabi_fcmpun
                0x0000000008003590                __unordsf2
 *fill*         0x00000000080035bc        0x4 
 .text          0x00000000080035c0       0x4c /usr/lib/gcc/arm-none-eabi/4.9.3/armv7-m/libgcc.a(_arm_fixsfsi.o)
                0x00000000080035c0                __fixsfsi
                0x00000000080035c0                __aeabi_f2iz
 *fill*         0x000000000800360c        0x4 
 .text          0x0000000008003610       0x40 /usr/lib/gcc/arm-none-eabi/4.9.3/armv7-m/libgcc.a(_arm_fixunssfsi.o)
                0x0000000008003610                __aeabi_f2uiz
                0x0000000008003610                __fixunssfsi
 .text          0x0000000008003650       0x38 /usr/lib/gcc/arm-none-eabi/4.9.3/armv7-m/libgcc.a(_aeabi_ldivmod.o)
                0x0000000008003650                __aeabi_ldivmod
 *fill*         0x0000000008003688        0x8 
 .text          0x0000000008003690       0x30 /usr/lib/gcc/arm-none-eabi/4.9.3/armv7-m/libgcc.a(_aeabi_uldivmod.o)
                0x0000000008003690                __aeabi_uldivmod
 .text          0x00000000080036c0       0x28 /usr/lib/gcc/arm-none-eabi/4.9.3/armv7-m/libgcc.a(_fixsfdi.o)
                0x00000000080036c0                __aeabi_f2lz
                0x00000000080036c0                __fixsfdi
 *fill*         0x00000000080036e8        0x8 
 .text          0x00000000080036f0       0x30 /usr/lib/gcc/arm-none-eabi/4.9.3/armv7-m/libgcc.a(_fixdfdi.o)
                0x00000000080036f0                __aeabi_d2lz
                0x00000000080036f0                __fixdfdi
 .text          0x0000000008003720       0x4c /usr/lib/gcc/arm-none-eabi/4.9.3/armv7-m/libgcc.a(_fixunssfdi.o)
                0x0000000008003720                __aeabi_f2ulz
                0x0000000008003720                __fixunssfdi
 *fill*         0x000000000800376c        0x4 
 .text          0x0000000008003770       0x48 /usr/lib/gcc/arm-none-eabi/4.9.3/armv7-m/libgcc.a(_fixunsdfdi.o)
                0x0000000008003770                __aeabi_d2ulz
                0x0000000008003770                __fixunsdfdi
 *fill*         0x00000000080037b8        0x8 
 .text          0x00000000080037c0       0x60 /usr/lib/gcc/arm-none-eabi/4.9.3/armv7-m/libgcc.a(bpabi.o)
                0x00000000080037c0                __gnu_ldivmod_helper
                0x00000000080037f0                __gnu_uldivmod_helper
 .text          0x0000000008003820        0x4 /usr/lib/gcc/arm-none-eabi/4.9.3/armv7-m/libgcc.a(_dvmd_tls.o)
                0x0000000008003820                __aeabi_ldiv0
                0x0000000008003820                __aeabi_idiv0
 *fill*         0x0000000008003824        0xc 
 .text          0x0000000008003830      0x2ac /usr/lib/gcc/arm-none-eabi/4.9.3/armv7-m/libgcc.a(_divdi3.o)
                0x0000000008003830                __divdi3
 *fill*         0x0000000008003adc        0x4 
 .text          0x0000000008003ae0      0x270 /usr/lib/gcc/arm-none-eabi/4.9.3/armv7-m/libgcc.a(_udivdi3.o)
                0x0000000008003ae0                __udivdi3
 *(.text.*)
 .text.convertDx
                0x0000000008003d50       0xa8 build/obj/ms5611.o
 *fill*         0x0000000008003df8        0x8 
 .text.ms5611ReadPT
                0x0000000008003e00      0x148 build/obj/ms5611.o
                0x0000000008003e00                ms5611ReadPT
 *fill*         0x0000000008003f48        0x8 
 .text.ms5611Reset
                0x0000000008003f50       0x48 build/obj/ms5611.o
                0x0000000008003f50                ms5611Reset
 *fill*         0x0000000008003f98        0x8 
 .text.ms5611GetProm
                0x0000000008003fa0       0xcc build/obj/ms5611.o
                0x0000000008003fa0                ms5611GetProm
 *fill*         0x000000000800406c        0x4 
 .text.indexByName
                0x0000000008004070       0x38 build/obj/config.o
 *fill*         0x00000000080040a8        0x8 
 .text.reinitializeDefaults
                0x00000000080040b0       0x38 build/obj/config.o
 *fill*         0x00000000080040e8        0x8 
 .text.isValid  0x00000000080040f0       0x80 build/obj/config.o
 .text.crc32.constprop.1
                0x0000000008004170       0x34 build/obj/config.o
 *fill*         0x00000000080041a4        0xc 
 .text.configRegisterParam_
                0x00000000080041b0      0x110 build/obj/config.o
                0x00000000080041b0                configRegisterParam_
 .text.configInit
                0x00000000080042c0      0x140 build/obj/config.o
                0x00000000080042c0                configInit
 .text.configSave
                0x0000000008004400       0x80 build/obj/config.o
                0x0000000008004400                configSave
 .text.configErase
                0x0000000008004480       0x3c build/obj/config.o
                0x0000000008004480                configErase
 *fill*         0x00000000080044bc        0x4 
 .text.configNameByIndex
                0x00000000080044c0       0x48 build/obj/config.o
                0x00000000080044c0                configNameByIndex
 *fill*         0x0000000008004508        0x8 
 .text.configSet
                0x0000000008004510       0x6c build/obj/config.o
                0x0000000008004510                configSet
 *fill*         0x000000000800457c        0x4 
 .text.configGetDescr
                0x0000000008004580       0x64 build/obj/config.o
                0x0000000008004580                configGetDescr
 *fill*         0x00000000080045e4        0xc 
 .text.configGet
                0x00000000080045f0       0x50 build/obj/config.o
                0x00000000080045f0                configGet
 .text.waitReady
                0x0000000008004640       0x18 build/obj/config_storage_stm32.o
 *fill*         0x0000000008004658        0x8 
 .text.prologue
                0x0000000008004660       0x34 build/obj/config_storage_stm32.o
 *fill*         0x0000000008004694        0xc 
 .text.configStorageRead
                0x00000000080046a0       0x34 build/obj/config_storage_stm32.o
                0x00000000080046a0                configStorageRead
 *fill*         0x00000000080046d4        0xc 
 .text.configStorageWrite
                0x00000000080046e0       0xac build/obj/config_storage_stm32.o
                0x00000000080046e0                configStorageWrite
 *fill*         0x000000000800478c        0x4 
 .text.configStorageErase
                0x0000000008004790       0x68 build/obj/config_storage_stm32.o
                0x0000000008004790                configStorageErase
 *fill*         0x00000000080047f8        0x8 
 .text.watchdogInit
                0x0000000008004800       0xc8 build/obj/watchdog_stm32.o
                0x0000000008004800                watchdogInit
 *fill*         0x00000000080048c8        0x8 
 .text.watchdogCreate
                0x00000000080048d0       0xa0 build/obj/watchdog_stm32.o
                0x00000000080048d0                watchdogCreate
 .text.watchdogReset
                0x0000000008004970       0x44 build/obj/watchdog_stm32.o
                0x0000000008004970                watchdogReset
 *fill*         0x00000000080049b4        0xc 
 .text.sysEmergencyPrint
                0x00000000080049c0       0x1c build/obj/sys_stm32.o
                0x00000000080049c0                sysEmergencyPrint
 *fill*         0x00000000080049dc        0x4 
 .text.writeExpandingCrLf
                0x00000000080049e0       0x28 build/obj/sys_console.o
 *fill*         0x0000000008004a08        0x8 
 .text.genericPrint
                0x0000000008004a10       0x4c build/obj/sys_console.o
 *fill*         0x0000000008004a5c        0x4 
 .text.lowsyslog
                0x0000000008004a60       0x20 build/obj/sys_console.o
                0x0000000008004a60                lowsyslog
 .text.printf   0x0000000008004a80       0x2c build/obj/sys_console.o
                0x0000000008004a80                printf
 *fill*         0x0000000008004aac        0x4 
 .text.puts     0x0000000008004ab0       0x38 build/obj/sys_console.o
                0x0000000008004ab0                puts
 *fill*         0x0000000008004ae8        0x8 
 .text.sysApplicationHaltHook
                0x0000000008004af0        0x2 build/obj/sys.o
                0x0000000008004af0                sysApplicationHaltHook
 *fill*         0x0000000008004af2        0xe 
 .text.sysHaltHook_
                0x0000000008004b00       0x58 build/obj/sys.o
                0x0000000008004b00                sysHaltHook_
 *fill*         0x0000000008004b58        0x8 
 .text.sysPanic
                0x0000000008004b60       0x14 build/obj/sys.o
                0x0000000008004b60                sysPanic
 *fill*         0x0000000008004b74        0xc 
 .text.sysSleepUntilChTime
                0x0000000008004b80       0x44 build/obj/sys.o
                0x0000000008004b80                sysSleepUntilChTime
 *fill*         0x0000000008004bc4        0xc 
 .text._exit    0x0000000008004bd0        0xc build/obj/sys.o
                0x0000000008004bd0                _exit
 *fill*         0x0000000008004bdc        0x4 
 .text._getpid  0x0000000008004be0        0x4 build/obj/sys.o
                0x0000000008004be0                _getpid
 *fill*         0x0000000008004be4        0xc 
 .text._kill    0x0000000008004bf0        0x2 build/obj/sys.o
                0x0000000008004bf0                _kill
 *fill*         0x0000000008004bf2        0xe 
 .text.usleep   0x0000000008004c00       0x20 build/obj/sys.o
                0x0000000008004c00                usleep
 .text.sleep    0x0000000008004c20       0x10 build/obj/sys.o
                0x0000000008004c20                sleep
 .text.__late_init
                0x0000000008004c30        0x2 build/obj/crt0.o
                0x0000000008004c30                __late_init
 *fill*         0x0000000008004c32        0xe 
 .text._default_exit
                0x0000000008004c40        0x2 build/obj/crt0.o
                0x0000000008004c40                _default_exit
 *fill*         0x0000000008004c42        0xe 
 .text.ResetHandler
                0x0000000008004c50       0xbc build/obj/crt0.o
                0x0000000008004c50                ResetHandler
 *fill*         0x0000000008004d0c        0x4 
 .text._unhandled_exception
                0x0000000008004d10        0x2 build/obj/vectors.o
                0x0000000008004d10                Vector58
                0x0000000008004d10                VectorE8
                0x0000000008004d10                Vector9C
                0x0000000008004d10                VectorAC
                0x0000000008004d10                Vector5C
                0x0000000008004d10                NMIVector
                0x0000000008004d10                Vector110
                0x0000000008004d10                VectorA8
                0x0000000008004d10                VectorB4
                0x0000000008004d10                VectorEC
                0x0000000008004d10                UsageFaultVector
                0x0000000008004d10                DebugMonitorVector
                0x0000000008004d10                Vector40
                0x0000000008004d10                VectorF8
                0x0000000008004d10                Vector108
                0x0000000008004d10                VectorBC
                0x0000000008004d10                PendSVVector
                0x0000000008004d10                Vector118
                0x0000000008004d10                Vector64
                0x0000000008004d10                VectorCC
                0x0000000008004d10                Vector54
                0x0000000008004d10                Vector138
                0x0000000008004d10                Vector24
                0x0000000008004d10                BusFaultVector
                0x0000000008004d10                VectorD0
                0x0000000008004d10                VectorE4
                0x0000000008004d10                VectorC0
                0x0000000008004d10                HardFaultVector
                0x0000000008004d10                Vector134
                0x0000000008004d10                VectorF0
                0x0000000008004d10                Vector100
                0x0000000008004d10                VectorE0
                0x0000000008004d10                VectorF4
                0x0000000008004d10                MemManageVector
                0x0000000008004d10                VectorA0
                0x0000000008004d10                VectorB0
                0x0000000008004d10                Vector114
                0x0000000008004d10                Vector60
                0x0000000008004d10                Vector1C
                0x0000000008004d10                Vector48
                0x0000000008004d10                Vector4C
                0x0000000008004d10                Vector68
                0x0000000008004d10                _unhandled_exception
                0x0000000008004d10                Vector88
                0x0000000008004d10                Vector104
                0x0000000008004d10                Vector10C
                0x0000000008004d10                Vector14C
                0x0000000008004d10                Vector50
                0x0000000008004d10                Vector44
                0x0000000008004d10                Vector28
                0x0000000008004d10                VectorB8
                0x0000000008004d10                VectorFC
                0x0000000008004d10                Vector34
                0x0000000008004d10                VectorA4
                0x0000000008004d10                Vector20
 *fill*         0x0000000008004d12        0xe 
 .text.port_halt
                0x0000000008004d20        0x4 build/obj/chcore.o
                0x0000000008004d20                port_halt
 *fill*         0x0000000008004d24        0xc 
 .text._port_switch_from_isr
                0x0000000008004d30        0x6 build/obj/chcore_v7m.o
                0x0000000008004d30                _port_switch_from_isr
 *fill*         0x0000000008004d36        0xa 
 .text.SVCallVector
                0x0000000008004d40       0x12 build/obj/chcore_v7m.o
                0x0000000008004d40                SVCallVector
 *fill*         0x0000000008004d52        0xe 
 .text._port_init
                0x0000000008004d60       0x30 build/obj/chcore_v7m.o
                0x0000000008004d60                _port_init
 .text._port_irq_epilogue
                0x0000000008004d90       0x68 build/obj/chcore_v7m.o
                0x0000000008004d90                _port_irq_epilogue
 *fill*         0x0000000008004df8        0x8 
 .text.SysTickVector
                0x0000000008004e00       0x1a build/obj/chcore_v7m.o
                0x0000000008004e00                SysTickVector
 *fill*         0x0000000008004e1a        0x6 
 .text._port_switch
                0x0000000008004e20       0x10 build/obj/chcore_v7m.o
                0x0000000008004e20                _port_switch
 .text._port_thread_start
                0x0000000008004e30       0x10 build/obj/chcore_v7m.o
                0x0000000008004e30                _port_thread_start
 .text.nvicEnableVector
                0x0000000008004e40       0x44 build/obj/nvic.o
                0x0000000008004e40                nvicEnableVector
 *fill*         0x0000000008004e84        0xc 
 .text.nvicDisableVector
                0x0000000008004e90       0x3c build/obj/nvic.o
                0x0000000008004e90                nvicDisableVector
 *fill*         0x0000000008004ecc        0x4 
 .text.nvicSetSystemHandlerPriority
                0x0000000008004ed0       0x26 build/obj/nvic.o
                0x0000000008004ed0                nvicSetSystemHandlerPriority
 *fill*         0x0000000008004ef6        0xa 
 .text._idle_thread
                0x0000000008004f00       0x14 build/obj/chsys.o
                0x0000000008004f00                _idle_thread
 *fill*         0x0000000008004f14        0xc 
 .text.chSysInit
                0x0000000008004f20       0x5c build/obj/chsys.o
                0x0000000008004f20                chSysInit
 *fill*         0x0000000008004f7c        0x4 
 .text.chSysTimerHandlerI
                0x0000000008004f80       0x50 build/obj/chsys.o
                0x0000000008004f80                chSysTimerHandlerI
 .text._vt_init
                0x0000000008004fd0       0x18 build/obj/chvt.o
                0x0000000008004fd0                _vt_init
 *fill*         0x0000000008004fe8        0x8 
 .text.chVTSetI
                0x0000000008004ff0       0x34 build/obj/chvt.o
                0x0000000008004ff0                chVTSetI
 *fill*         0x0000000008005024        0xc 
 .text.chVTResetI
                0x0000000008005030       0x24 build/obj/chvt.o
                0x0000000008005030                chVTResetI
 *fill*         0x0000000008005054        0xc 
 .text._scheduler_init
                0x0000000008005060       0x14 build/obj/chschd.o
                0x0000000008005060                _scheduler_init
 *fill*         0x0000000008005074        0xc 
 .text.chSchReadyI
                0x0000000008005080       0x20 build/obj/chschd.o
                0x0000000008005080                chSchReadyI
 .text.wakeup   0x00000000080050a0       0x42 build/obj/chschd.o
 *fill*         0x00000000080050e2        0xe 
 .text.chSchGoSleepS
                0x00000000080050f0       0x20 build/obj/chschd.o
                0x00000000080050f0                chSchGoSleepS
 .text.chSchGoSleepTimeoutS
                0x0000000008005110       0x3c build/obj/chschd.o
                0x0000000008005110                chSchGoSleepTimeoutS
 *fill*         0x000000000800514c        0x4 
 .text.chSchWakeupS
                0x0000000008005150       0x38 build/obj/chschd.o
                0x0000000008005150                chSchWakeupS
 *fill*         0x0000000008005188        0x8 
 .text.chSchDoRescheduleBehind
                0x0000000008005190       0x30 build/obj/chschd.o
                0x0000000008005190                chSchDoRescheduleBehind
 .text.chSchDoRescheduleAhead
                0x00000000080051c0       0x38 build/obj/chschd.o
                0x00000000080051c0                chSchDoRescheduleAhead
 *fill*         0x00000000080051f8        0x8 
 .text.chSchRescheduleS
                0x0000000008005200       0x18 build/obj/chschd.o
                0x0000000008005200                chSchRescheduleS
 *fill*         0x0000000008005218        0x8 
 .text.chSchDoReschedule
                0x0000000008005220       0x14 build/obj/chschd.o
                0x0000000008005220                chSchDoReschedule
 *fill*         0x0000000008005234        0xc 
 .text._thread_init
                0x0000000008005240       0x38 build/obj/chthreads.o
                0x0000000008005240                _thread_init
 *fill*         0x0000000008005278        0x8 
 .text.chThdCreateI
                0x0000000008005280       0x20 build/obj/chthreads.o
                0x0000000008005280                chThdCreateI
 .text.chThdCreateStatic
                0x00000000080052a0       0x28 build/obj/chthreads.o
                0x00000000080052a0                chThdCreateStatic
 *fill*         0x00000000080052c8        0x8 
 .text.chThdSetPriority
                0x00000000080052d0       0x30 build/obj/chthreads.o
                0x00000000080052d0                chThdSetPriority
 .text.chThdSleep
                0x0000000008005300       0x18 build/obj/chthreads.o
                0x0000000008005300                chThdSleep
 *fill*         0x0000000008005318        0x8 
 .text.chThdExitS
                0x0000000008005320       0x3c build/obj/chthreads.o
                0x0000000008005320                chThdExitS
 *fill*         0x000000000800535c        0x4 
 .text.chThdExit
                0x0000000008005360        0xa build/obj/chthreads.o
                0x0000000008005360                chThdExit
 *fill*         0x000000000800536a        0x6 
 .text.chSemInit
                0x0000000008005370        0x8 build/obj/chsem.o
                0x0000000008005370                chSemInit
 *fill*         0x0000000008005378        0x8 
 .text.chSemWaitTimeoutS
                0x0000000008005380       0x38 build/obj/chsem.o
                0x0000000008005380                chSemWaitTimeoutS
 *fill*         0x00000000080053b8        0x8 
 .text.chSemWaitTimeout
                0x00000000080053c0       0x14 build/obj/chsem.o
                0x00000000080053c0                chSemWaitTimeout
 *fill*         0x00000000080053d4        0xc 
 .text.chSemSignalI
                0x00000000080053e0       0x1e build/obj/chsem.o
                0x00000000080053e0                chSemSignalI
 *fill*         0x00000000080053fe        0x2 
 .text.prio_insert
                0x0000000008005400       0x20 build/obj/chmtx.o
 .text.chMtxInit
                0x0000000008005420        0xa build/obj/chmtx.o
                0x0000000008005420                chMtxInit
 *fill*         0x000000000800542a        0x6 
 .text.chMtxLockS
                0x0000000008005430       0x84 build/obj/chmtx.o
                0x0000000008005430                chMtxLockS
 *fill*         0x00000000080054b4        0xc 
 .text.chMtxLock
                0x00000000080054c0       0x14 build/obj/chmtx.o
                0x00000000080054c0                chMtxLock
 *fill*         0x00000000080054d4        0xc 
 .text.chMtxUnlock
                0x00000000080054e0       0x5c build/obj/chmtx.o
                0x00000000080054e0                chMtxUnlock
 *fill*         0x000000000800553c        0x4 
 .text.chEvtSignalI
                0x0000000008005540       0x2c build/obj/chevents.o
                0x0000000008005540                chEvtSignalI
 *fill*         0x000000000800556c        0x4 
 .text.chEvtBroadcastFlagsI
                0x0000000008005570       0x20 build/obj/chevents.o
                0x0000000008005570                chEvtBroadcastFlagsI
 .text.qwait    0x0000000008005590       0x24 build/obj/chqueues.o
 *fill*         0x00000000080055b4        0xc 
 .text.chIQInit
                0x00000000080055c0       0x1c build/obj/chqueues.o
                0x00000000080055c0                chIQInit
 *fill*         0x00000000080055dc        0x4 
 .text.chIQResetI
                0x00000000080055e0       0x28 build/obj/chqueues.o
                0x00000000080055e0                chIQResetI
 *fill*         0x0000000008005608        0x8 
 .text.chIQPutI
                0x0000000008005610       0x46 build/obj/chqueues.o
                0x0000000008005610                chIQPutI
 *fill*         0x0000000008005656        0xa 
 .text.chIQGetTimeout
                0x0000000008005660       0x46 build/obj/chqueues.o
                0x0000000008005660                chIQGetTimeout
 *fill*         0x00000000080056a6        0xa 
 .text.chIQReadTimeout
                0x00000000080056b0       0x70 build/obj/chqueues.o
                0x00000000080056b0                chIQReadTimeout
 .text.chOQInit
                0x0000000008005720       0x18 build/obj/chqueues.o
                0x0000000008005720                chOQInit
 *fill*         0x0000000008005738        0x8 
 .text.chOQResetI
                0x0000000008005740       0x2a build/obj/chqueues.o
                0x0000000008005740                chOQResetI
 *fill*         0x000000000800576a        0x6 
 .text.chOQPutTimeout
                0x0000000008005770       0x52 build/obj/chqueues.o
                0x0000000008005770                chOQPutTimeout
 *fill*         0x00000000080057c2        0xe 
 .text.chOQGetI
                0x00000000080057d0       0x44 build/obj/chqueues.o
                0x00000000080057d0                chOQGetI
 *fill*         0x0000000008005814        0xc 
 .text.chOQWriteTimeout
                0x0000000008005820       0x7e build/obj/chqueues.o
                0x0000000008005820                chOQWriteTimeout
 *fill*         0x000000000800589e        0x2 
 .text._core_init
                0x00000000080058a0       0x28 build/obj/chmemcore.o
                0x00000000080058a0                _core_init
 *fill*         0x00000000080058c8        0x8 
 .text.chCoreAllocI
                0x00000000080058d0       0x24 build/obj/chmemcore.o
                0x00000000080058d0                chCoreAllocI
 *fill*         0x00000000080058f4        0xc 
 .text.chCoreAlloc
                0x0000000008005900       0x14 build/obj/chmemcore.o
                0x0000000008005900                chCoreAlloc
 *fill*         0x0000000008005914        0xc 
 .text._heap_init
                0x0000000008005920       0x20 build/obj/chheap.o
                0x0000000008005920                _heap_init
 .text.halInit  0x0000000008005940       0x24 build/obj/hal.o
                0x0000000008005940                halInit
 *fill*         0x0000000008005964        0xc 
 .text.i2cInit  0x0000000008005970        0x4 build/obj/i2c.o
                0x0000000008005970                i2cInit
 *fill*         0x0000000008005974        0xc 
 .text.i2cObjectInit
                0x0000000008005980        0xe build/obj/i2c.o
                0x0000000008005980                i2cObjectInit
 *fill*         0x000000000800598e        0x2 
 .text.i2cStart
                0x0000000008005990       0x1c build/obj/i2c.o
                0x0000000008005990                i2cStart
 *fill*         0x00000000080059ac        0x4 
 .text.i2cMasterTransmitTimeout
                0x00000000080059b0       0x3c build/obj/i2c.o
                0x00000000080059b0                i2cMasterTransmitTimeout
 *fill*         0x00000000080059ec        0x4 
 .text.i2cAcquireBus
                0x00000000080059f0        0x6 build/obj/i2c.o
                0x00000000080059f0                i2cAcquireBus
 *fill*         0x00000000080059f6        0xa 
 .text.i2cReleaseBus
                0x0000000008005a00        0x4 build/obj/i2c.o
                0x0000000008005a00                i2cReleaseBus
 *fill*         0x0000000008005a04        0xc 
 .text.readt    0x0000000008005a10        0x6 build/obj/serial.o
 *fill*         0x0000000008005a16        0xa 
 .text.read     0x0000000008005a20        0xa build/obj/serial.o
 *fill*         0x0000000008005a2a        0x6 
 .text.writet   0x0000000008005a30        0x6 build/obj/serial.o
 *fill*         0x0000000008005a36        0xa 
 .text.write    0x0000000008005a40        0xa build/obj/serial.o
 *fill*         0x0000000008005a4a        0x6 
 .text.gett     0x0000000008005a50        0x6 build/obj/serial.o
 *fill*         0x0000000008005a56        0xa 
 .text.get      0x0000000008005a60        0xa build/obj/serial.o
 *fill*         0x0000000008005a6a        0x6 
 .text.putt     0x0000000008005a70        0x6 build/obj/serial.o
 *fill*         0x0000000008005a76        0xa 
 .text.put      0x0000000008005a80        0xa build/obj/serial.o
 *fill*         0x0000000008005a8a        0x6 
 .text.sdInit   0x0000000008005a90        0x4 build/obj/serial.o
                0x0000000008005a90                sdInit
 *fill*         0x0000000008005a94        0xc 
 .text.sdObjectInit
                0x0000000008005aa0       0x44 build/obj/serial.o
                0x0000000008005aa0                sdObjectInit
 *fill*         0x0000000008005ae4        0xc 
 .text.sdStart  0x0000000008005af0       0x1a build/obj/serial.o
                0x0000000008005af0                sdStart
 *fill*         0x0000000008005b0a        0x6 
 .text.sdStop   0x0000000008005b10       0x2e build/obj/serial.o
                0x0000000008005b10                sdStop
 *fill*         0x0000000008005b3e        0x2 
 .text.sdIncomingDataI
                0x0000000008005b40       0x2e build/obj/serial.o
                0x0000000008005b40                sdIncomingDataI
 *fill*         0x0000000008005b6e        0x2 
 .text.tm_start
                0x0000000008005b70        0xc build/obj/tm.o
 *fill*         0x0000000008005b7c        0x4 
 .text.tm_stop  0x0000000008005b80       0x2c build/obj/tm.o
 *fill*         0x0000000008005bac        0x4 
 .text.tmObjectInit
                0x0000000008005bb0       0x20 build/obj/tm.o
                0x0000000008005bb0                tmObjectInit
 .text.tmInit   0x0000000008005bd0       0x28 build/obj/tm.o
                0x0000000008005bd0                tmInit
 *fill*         0x0000000008005bf8        0x8 
 .text.Vector6C
                0x0000000008005c00       0x28 build/obj/stm32_dma.o
                0x0000000008005c00                Vector6C
 *fill*         0x0000000008005c28        0x8 
 .text.Vector70
                0x0000000008005c30       0x28 build/obj/stm32_dma.o
                0x0000000008005c30                Vector70
 *fill*         0x0000000008005c58        0x8 
 .text.Vector74
                0x0000000008005c60       0x28 build/obj/stm32_dma.o
                0x0000000008005c60                Vector74
 *fill*         0x0000000008005c88        0x8 
 .text.Vector78
                0x0000000008005c90       0x28 build/obj/stm32_dma.o
                0x0000000008005c90                Vector78
 *fill*         0x0000000008005cb8        0x8 
 .text.Vector7C
                0x0000000008005cc0       0x28 build/obj/stm32_dma.o
                0x0000000008005cc0                Vector7C
 *fill*         0x0000000008005ce8        0x8 
 .text.Vector80
                0x0000000008005cf0       0x28 build/obj/stm32_dma.o
                0x0000000008005cf0                Vector80
 *fill*         0x0000000008005d18        0x8 
 .text.Vector84
                0x0000000008005d20       0x28 build/obj/stm32_dma.o
                0x0000000008005d20                Vector84
 *fill*         0x0000000008005d48        0x8 
 .text.Vector120
                0x0000000008005d50       0x28 build/obj/stm32_dma.o
                0x0000000008005d50                Vector120
 *fill*         0x0000000008005d78        0x8 
 .text.Vector124
                0x0000000008005d80       0x28 build/obj/stm32_dma.o
                0x0000000008005d80                Vector124
 *fill*         0x0000000008005da8        0x8 
 .text.Vector128
                0x0000000008005db0       0x28 build/obj/stm32_dma.o
                0x0000000008005db0                Vector128
 *fill*         0x0000000008005dd8        0x8 
 .text.Vector12C
                0x0000000008005de0       0x28 build/obj/stm32_dma.o
                0x0000000008005de0                Vector12C
 *fill*         0x0000000008005e08        0x8 
 .text.Vector130
                0x0000000008005e10       0x28 build/obj/stm32_dma.o
                0x0000000008005e10                Vector130
 *fill*         0x0000000008005e38        0x8 
 .text.dmaInit  0x0000000008005e40       0x3c build/obj/stm32_dma.o
                0x0000000008005e40                dmaInit
 *fill*         0x0000000008005e7c        0x4 
 .text.dmaStreamAllocate
                0x0000000008005e80       0x84 build/obj/stm32_dma.o
                0x0000000008005e80                dmaStreamAllocate
 *fill*         0x0000000008005f04        0xc 
 .text.hal_lld_init
                0x0000000008005f10       0x68 build/obj/hal_lld.o
                0x0000000008005f10                hal_lld_init
 *fill*         0x0000000008005f78        0x8 
 .text.stm32_clock_init
                0x0000000008005f80       0xa0 build/obj/hal_lld.o
                0x0000000008005f80                stm32_clock_init
 .text._pal_lld_init
                0x0000000008006020       0x68 build/obj/pal_lld.o
                0x0000000008006020                _pal_lld_init
 *fill*         0x0000000008006088        0x8 
 .text._pal_lld_setgroupmode
                0x0000000008006090       0x64 build/obj/pal_lld.o
                0x0000000008006090                _pal_lld_setgroupmode
 *fill*         0x00000000080060f4        0xc 
 .text.i2c_lld_abort_operation
                0x0000000008006100       0x3e build/obj/i2c_lld.o
 *fill*         0x000000000800613e        0x2 
 .text.i2c_lld_safety_timeout
                0x0000000008006140       0x2a build/obj/i2c_lld.o
 *fill*         0x000000000800616a        0x6 
 .text.i2c_lld_serve_tx_end_irq
                0x0000000008006170       0x34 build/obj/i2c_lld.o
 *fill*         0x00000000080061a4        0xc 
 .text.i2c_lld_serve_rx_end_irq
                0x00000000080061b0       0x66 build/obj/i2c_lld.o
 *fill*         0x0000000008006216        0xa 
 .text.VectorC4
                0x0000000008006220      0x110 build/obj/i2c_lld.o
                0x0000000008006220                VectorC4
 .text.VectorC8
                0x0000000008006330       0xe0 build/obj/i2c_lld.o
                0x0000000008006330                VectorC8
 .text.i2c_lld_init
                0x0000000008006410       0x28 build/obj/i2c_lld.o
                0x0000000008006410                i2c_lld_init
 *fill*         0x0000000008006438        0x8 
 .text.i2c_lld_start
                0x0000000008006440      0x150 build/obj/i2c_lld.o
                0x0000000008006440                i2c_lld_start
 .text.i2c_lld_master_transmit_timeout
                0x0000000008006590       0xc8 build/obj/i2c_lld.o
                0x0000000008006590                i2c_lld_master_transmit_timeout
 *fill*         0x0000000008006658        0x8 
 .text.notify1  0x0000000008006660       0x14 build/obj/serial_lld.o
 *fill*         0x0000000008006674        0xc 
 .text.notify2  0x0000000008006680       0x14 build/obj/serial_lld.o
 *fill*         0x0000000008006694        0xc 
 .text.notify3  0x00000000080066a0       0x14 build/obj/serial_lld.o
 *fill*         0x00000000080066b4        0xc 
 .text.serve_interrupt
                0x00000000080066c0       0xf2 build/obj/serial_lld.o
 *fill*         0x00000000080067b2        0xe 
 .text.VectorD4
                0x00000000080067c0       0x14 build/obj/serial_lld.o
                0x00000000080067c0                VectorD4
 *fill*         0x00000000080067d4        0xc 
 .text.VectorD8
                0x00000000080067e0       0x14 build/obj/serial_lld.o
                0x00000000080067e0                VectorD8
 *fill*         0x00000000080067f4        0xc 
 .text.VectorDC
                0x0000000008006800       0x14 build/obj/serial_lld.o
                0x0000000008006800                VectorDC
 *fill*         0x0000000008006814        0xc 
 .text.sd_lld_init
                0x0000000008006820       0x60 build/obj/serial_lld.o
                0x0000000008006820                sd_lld_init
 .text.sd_lld_start
                0x0000000008006880       0xa8 build/obj/serial_lld.o
                0x0000000008006880                sd_lld_start
 *fill*         0x0000000008006928        0x8 
 .text.sd_lld_stop
                0x0000000008006930       0x68 build/obj/serial_lld.o
                0x0000000008006930                sd_lld_stop
 *fill*         0x0000000008006998        0x8 
 .text._sbrk_r  0x00000000080069a0       0x16 build/obj/syscalls.o
                0x00000000080069a0                _sbrk_r
 *fill*         0x00000000080069b6        0xa 
 .text.long_to_string_with_divisor
                0x00000000080069c0       0x44 build/obj/chprintf.o
 *fill*         0x0000000008006a04        0xc 
 .text.chvprintf
                0x0000000008006a10      0x284 build/obj/chprintf.o
                0x0000000008006a10                chvprintf
 *fill*         0x0000000008006c94        0xc 
 .text.chprintf
                0x0000000008006ca0       0x1a build/obj/shell.o
 *fill*         0x0000000008006cba        0x6 
 .text._strtok.constprop.2
                0x0000000008006cc0       0x40 build/obj/shell.o
 .text.cmd_systime
                0x0000000008006d00       0x24 build/obj/shell.o
 *fill*         0x0000000008006d24        0xc 
 .text.cmd_info
                0x0000000008006d30       0xac build/obj/shell.o
 *fill*         0x0000000008006ddc        0x4 
 .text.shellInit
                0x0000000008006de0        0xc build/obj/shell.o
                0x0000000008006de0                shellInit
 *fill*         0x0000000008006dec        0x4 
 .text.shellExit
                0x0000000008006df0       0x20 build/obj/shell.o
                0x0000000008006df0                shellExit
 .text.shellCreateStatic
                0x0000000008006e10       0x1c build/obj/shell.o
                0x0000000008006e10                shellCreateStatic
 *fill*         0x0000000008006e2c        0x4 
 .text.shellGetLine
                0x0000000008006e30       0x9c build/obj/shell.o
                0x0000000008006e30                shellGetLine
 *fill*         0x0000000008006ecc        0x4 
 .text.shell_thread
                0x0000000008006ed0      0x178 build/obj/shell.o
 *fill*         0x0000000008007048        0x8 
 .text.put      0x0000000008007050       0x1c build/obj/memstreams.o
 *fill*         0x000000000800706c        0x4 
 .text.get      0x0000000008007070       0x1a build/obj/memstreams.o
 *fill*         0x000000000800708a        0x6 
 .text.reads    0x0000000008007090       0x26 build/obj/memstreams.o
 *fill*         0x00000000080070b6        0xa 
 .text.writes   0x00000000080070c0       0x24 build/obj/memstreams.o
 *fill*         0x00000000080070e4        0xc 
 .text.msObjectInit
                0x00000000080070f0       0x18 build/obj/memstreams.o
                0x00000000080070f0                msObjectInit
 *fill*         0x0000000008007108        0x8 
 .text._ZN6uavcan9equipment4gnss4Fix_ILi0EED2Ev
                0x0000000008007110        0x2 build/obj/gnss.o
                0x0000000008007110                uavcan::equipment::gnss::Fix_<0>::~Fix_()
                0x0000000008007110                uavcan::equipment::gnss::Fix_<0>::~Fix_()
 *fill*         0x0000000008007112        0xe 
 .text._ZN6uavcan9PublisherINS_9equipment4gnss4Fix_ILi0EEEED2Ev
                0x0000000008007120        0x2 build/obj/gnss.o
                0x0000000008007120                uavcan::Publisher<uavcan::equipment::gnss::Fix_<0> >::~Publisher()
                0x0000000008007120                uavcan::Publisher<uavcan::equipment::gnss::Fix_<0> >::~Publisher()
 *fill*         0x0000000008007122        0xe 
 .text._ZN6uavcan9PublisherINS_9equipment4gnss10Auxiliary_ILi0EEEED2Ev
                0x0000000008007130        0x2 build/obj/gnss.o
                0x0000000008007130                uavcan::Publisher<uavcan::equipment::gnss::Auxiliary_<0> >::~Publisher()
                0x0000000008007130                uavcan::Publisher<uavcan::equipment::gnss::Auxiliary_<0> >::~Publisher()
 *fill*         0x0000000008007132        0xe 
 .text._ZN4gnss12_GLOBAL__N_110GnssThread4stopEv
                0x0000000008007140        0x8 build/obj/gnss.o
 *fill*         0x0000000008007148        0x8 
 .text._ZN6uavcan22GlobalDataTypeRegistry5EntryD2Ev
                0x0000000008007150        0x2 build/obj/gnss.o
                0x0000000008007150                uavcan::GlobalDataTypeRegistry::Entry::~Entry()
                0x0000000008007150                uavcan::GlobalDataTypeRegistry::Entry::~Entry()
 *fill*         0x0000000008007152        0xe 
 .text._ZN6uavcan20StaticTransferBufferILt79EED2Ev
                0x0000000008007160        0x2 build/obj/gnss.o
                0x0000000008007160                uavcan::StaticTransferBuffer<(unsigned short)79>::~StaticTransferBuffer()
                0x0000000008007160                uavcan::StaticTransferBuffer<(unsigned short)79>::~StaticTransferBuffer()
 *fill*         0x0000000008007162        0xe 
 .text._ZN6uavcan20StaticTransferBufferILt16EED2Ev
                0x0000000008007170        0x2 build/obj/gnss.o
                0x0000000008007170                uavcan::StaticTransferBuffer<(unsigned short)16>::~StaticTransferBuffer()
                0x0000000008007170                uavcan::StaticTransferBuffer<(unsigned short)16>::~StaticTransferBuffer()
 *fill*         0x0000000008007172        0xe 
 .text._ZN4gnss12_GLOBAL__N_18PlatformD2Ev
                0x0000000008007180        0x2 build/obj/gnss.o
 *fill*         0x0000000008007182        0xe 
 .text._ZN10chibios_rt16BaseStaticThreadILi3000EE5startEm
                0x0000000008007190       0x2c build/obj/gnss.o
                0x0000000008007190                chibios_rt::BaseStaticThread<3000>::start(unsigned long)
 *fill*         0x00000000080071bc        0x4 
 .text._ZN4gnss12_GLOBAL__N_18PlatformD0Ev
                0x00000000080071c0        0xc build/obj/gnss.o
 *fill*         0x00000000080071cc        0x4 
 .text._ZN6uavcan20StaticTransferBufferILt79EED0Ev
                0x00000000080071d0        0xc build/obj/gnss.o
                0x00000000080071d0                uavcan::StaticTransferBuffer<(unsigned short)79>::~StaticTransferBuffer()
 *fill*         0x00000000080071dc        0x4 
 .text._ZN6uavcan20StaticTransferBufferILt16EED0Ev
                0x00000000080071e0        0xc build/obj/gnss.o
                0x00000000080071e0                uavcan::StaticTransferBuffer<(unsigned short)16>::~StaticTransferBuffer()
 *fill*         0x00000000080071ec        0x4 
 .text._ZNK4gnss12_GLOBAL__N_18Platform11getRealUSecEv
                0x00000000080071f0       0x12 build/obj/gnss.o
 *fill*         0x0000000008007202        0xe 
 .text._ZNK4gnss12_GLOBAL__N_18Platform16getMonotonicUSecEv
                0x0000000008007210       0x12 build/obj/gnss.o
 *fill*         0x0000000008007222        0xe 
 .text._ZN4gnss12_GLOBAL__N_18Platform15portSetBaudRateEj
                0x0000000008007230       0x30 build/obj/gnss.o
 .text._ZN4gnss12_GLOBAL__N_18Platform8portReadEPhjj
                0x0000000008007260       0x18 build/obj/gnss.o
 *fill*         0x0000000008007278        0x8 
 .text._ZN4gnss12_GLOBAL__N_18Platform9portWriteEPKhj
                0x0000000008007280       0x10 build/obj/gnss.o
 .text._ZNSt14_Function_base13_Base_managerISt5_BindIFSt7_Mem_fnIMN4gnss12_GLOBAL__N_110GnssThreadEKFvRKN5ublox3FixEEEPS5_St12_PlaceholderILi1EEEEE10_M_managerERSt9_Any_dataRKSJ_St18_Manager_operation
                0x0000000008007290       0x34 build/obj/gnss.o
 *fill*         0x00000000080072c4        0xc 
 .text._ZNSt14_Function_base13_Base_managerIZN4gnss12_GLOBAL__N_110GnssThread4mainEvEUlRKN5ublox9AuxiliaryEE_E10_M_managerERSt9_Any_dataRKSA_St18_Manager_operation
                0x00000000080072d0       0x30 build/obj/gnss.o
 .text._ZN6uavcan8areCloseIffEEbRKT_RKT0_.isra.24
                0x0000000008007300       0xc0 build/obj/gnss.o
 .text._ZNSt17_Function_handlerIFvRKN5ublox3FixEESt5_BindIFSt7_Mem_fnIMN4gnss12_GLOBAL__N_110GnssThreadEKFvS3_EEPS9_St12_PlaceholderILi1EEEEE9_M_invokeERKSt9_Any_dataS3_
                0x00000000080073c0       0x22 build/obj/gnss.o
 *fill*         0x00000000080073e2        0xe 
 .text._ZN6uavcan9FloatSpecILj16ELNS_8CastModeE0EE6encodeEfRNS_11ScalarCodecENS_25TailArrayOptimizationModeE.isra.79
                0x00000000080073f0       0x5c build/obj/gnss.o
 *fill*         0x000000000800744c        0x4 
 .text._ZN6uavcan11IntegerSpecILj4ELNS_10SignednessE0ELNS_8CastModeE0EE6encodeEhRNS_11ScalarCodecENS_25TailArrayOptimizationModeE.isra.96
                0x0000000008007450       0x1e build/obj/gnss.o
 *fill*         0x000000000800746e        0x2 
 .text._ZNK6uavcan5ArrayINS_9FloatSpecILj16ELNS_8CastModeE0EEELNS_9ArrayModeE1ELj9EE10encodeImplERNS_11ScalarCodecENS_25TailArrayOptimizationModeENS_11BooleanTypeILb1EEE.isra.98
                0x0000000008007470       0x40 build/obj/gnss.o
 .text._ZNK4gnss12_GLOBAL__N_110GnssThread11pauseOneSecEv
                0x00000000080074b0       0x34 build/obj/gnss.o
 *fill*         0x00000000080074e4        0xc 
 .text._ZNSt14_Function_baseD2Ev
                0x00000000080074f0       0x12 build/obj/gnss.o
                0x00000000080074f0                std::_Function_base::~_Function_base()
                0x00000000080074f0                std::_Function_base::~_Function_base()
 *fill*         0x0000000008007502        0xe 
 .text._ZN4gnss12_GLOBAL__N_110GnssThreadD2Ev
                0x0000000008007510       0x38 build/obj/gnss.o
 *fill*         0x0000000008007548        0x8 
 .text._ZN6uavcan22GlobalDataTypeRegistry5EntryC2Ev
                0x0000000008007550       0x20 build/obj/gnss.o
                0x0000000008007550                uavcan::GlobalDataTypeRegistry::Entry::Entry()
                0x0000000008007550                uavcan::GlobalDataTypeRegistry::Entry::Entry()
 .text._ZN6uavcan20GenericPublisherBaseC2ERNS_5INodeENS_17MonotonicDurationES3_
                0x0000000008007570       0x64 build/obj/gnss.o
                0x0000000008007570                uavcan::GenericPublisherBase::GenericPublisherBase(uavcan::INode&, uavcan::MonotonicDuration, uavcan::MonotonicDuration)
                0x0000000008007570                uavcan::GenericPublisherBase::GenericPublisherBase(uavcan::INode&, uavcan::MonotonicDuration, uavcan::MonotonicDuration)
 *fill*         0x00000000080075d4        0xc 
 .text._ZN4gnss4initEv
                0x00000000080075e0       0x18 build/obj/gnss.o
                0x00000000080075e0                gnss::init()
 *fill*         0x00000000080075f8        0x8 
 .text._ZN4gnss4stopEv
                0x0000000008007600       0x10 build/obj/gnss.o
                0x0000000008007600                gnss::stop()
 .text._ZN4gnss13getSerialPortEv
                0x0000000008007610        0x8 build/obj/gnss.o
                0x0000000008007610                gnss::getSerialPort()
 *fill*         0x0000000008007618        0x8 
 .text._ZN6uavcan8protocol13DataTypeKind_ILi0EE23extendDataTypeSignatureERNS_17DataTypeSignatureE
                0x0000000008007620       0x18 build/obj/gnss.o
                0x0000000008007620                uavcan::protocol::DataTypeKind_<0>::extendDataTypeSignature(uavcan::DataTypeSignature&)
 *fill*         0x0000000008007638        0x8 
 .text._ZN6uavcan9equipment4gnss4Fix_ILi0EEC2Ev
                0x0000000008007640       0x4c build/obj/gnss.o
                0x0000000008007640                uavcan::equipment::gnss::Fix_<0>::Fix_()
                0x0000000008007640                uavcan::equipment::gnss::Fix_<0>::Fix_()
 *fill*         0x000000000800768c        0x4 
 .text._ZN6uavcan22GlobalDataTypeRegistry16registerDataTypeINS_8protocol12GetNodeInfo_EEENS0_18RegistrationResultENS_10DataTypeIDE
                0x0000000008007690       0xe4 build/obj/gnss.o
                0x0000000008007690                uavcan::GlobalDataTypeRegistry::RegistrationResult uavcan::GlobalDataTypeRegistry::registerDataType<uavcan::protocol::GetNodeInfo_>(uavcan::DataTypeID)
 *fill*         0x0000000008007774        0xc 
 .text._ZN6uavcan22GlobalDataTypeRegistry16registerDataTypeINS_8protocol16GetDataTypeInfo_EEENS0_18RegistrationResultENS_10DataTypeIDE
                0x0000000008007780       0xac build/obj/gnss.o
                0x0000000008007780                uavcan::GlobalDataTypeRegistry::RegistrationResult uavcan::GlobalDataTypeRegistry::registerDataType<uavcan::protocol::GetDataTypeInfo_>(uavcan::DataTypeID)
 *fill*         0x000000000800782c        0x4 
 .text._ZN6uavcan22GlobalDataTypeRegistry16registerDataTypeINS_8protocol5debug11LogMessage_ILi0EEEEENS0_18RegistrationResultENS_10DataTypeIDE
                0x0000000008007830       0xb4 build/obj/gnss.o
                0x0000000008007830                uavcan::GlobalDataTypeRegistry::RegistrationResult uavcan::GlobalDataTypeRegistry::registerDataType<uavcan::protocol::debug::LogMessage_<0> >(uavcan::DataTypeID)
 *fill*         0x00000000080078e4        0xc 
 .text._ZN6uavcan22GlobalDataTypeRegistry16registerDataTypeINS_8protocol18GetTransportStats_EEENS0_18RegistrationResultENS_10DataTypeIDE
                0x00000000080078f0       0xb4 build/obj/gnss.o
                0x00000000080078f0                uavcan::GlobalDataTypeRegistry::RegistrationResult uavcan::GlobalDataTypeRegistry::registerDataType<uavcan::protocol::GetTransportStats_>(uavcan::DataTypeID)
 *fill*         0x00000000080079a4        0xc 
 .text._ZN6uavcan5ArrayINS_9FloatSpecILj16ELNS_8CastModeE0EEELNS_9ArrayModeE1ELj9EE9push_backERKf
                0x00000000080079b0       0x24 build/obj/gnss.o
                0x00000000080079b0                uavcan::Array<uavcan::FloatSpec<16u, (uavcan::CastMode)0>, (uavcan::ArrayMode)1, 9u>::push_back(float const&)
 *fill*         0x00000000080079d4        0xc 
 .text._ZN6uavcan16GenericPublisherINS_9equipment4gnss10Auxiliary_ILi0EEES4_E14genericPublishERKS4_NS_12TransferTypeENS_6NodeIDEPNS_10TransferIDENS_13MonotonicTimeE
                0x00000000080079e0      0x110 build/obj/gnss.o
                0x00000000080079e0                uavcan::GenericPublisher<uavcan::equipment::gnss::Auxiliary_<0>, uavcan::equipment::gnss::Auxiliary_<0> >::genericPublish(uavcan::equipment::gnss::Auxiliary_<0> const&, uavcan::TransferType, uavcan::NodeID, uavcan::TransferID*, uavcan::MonotonicTime)
 .text._ZNSt17_Function_handlerIFvRKN5ublox9AuxiliaryEEZN4gnss12_GLOBAL__N_110GnssThread4mainEvEUlS3_E_E9_M_invokeERKSt9_Any_dataS3_
                0x0000000008007af0       0xec build/obj/gnss.o
 *fill*         0x0000000008007bdc        0x4 
 .text._ZSt4swapISt9_Any_dataEvRT_S2_
                0x0000000008007be0       0x20 build/obj/gnss.o
                0x0000000008007be0                void std::swap<std::_Any_data>(std::_Any_data&, std::_Any_data&)
 .text._ZN6uavcan10Timestamp_ILi0EE23extendDataTypeSignatureERNS_17DataTypeSignatureE
                0x0000000008007c00       0x18 build/obj/gnss.o
                0x0000000008007c00                uavcan::Timestamp_<0>::extendDataTypeSignature(uavcan::DataTypeSignature&)
 *fill*         0x0000000008007c18        0x8 
 .text._ZN6uavcan22GlobalDataTypeRegistry16registerDataTypeINS_9equipment4gnss4Fix_ILi0EEEEENS0_18RegistrationResultENS_10DataTypeIDE
                0x0000000008007c20       0xb4 build/obj/gnss.o
                0x0000000008007c20                uavcan::GlobalDataTypeRegistry::RegistrationResult uavcan::GlobalDataTypeRegistry::registerDataType<uavcan::equipment::gnss::Fix_<0> >(uavcan::DataTypeID)
 *fill*         0x0000000008007cd4        0xc 
 .text._ZNK6uavcan20SquareMatrixAnalyzerIPKfLj9EE8isScalarEv
                0x0000000008007ce0       0x36 build/obj/gnss.o
                0x0000000008007ce0                uavcan::SquareMatrixAnalyzer<float const*, 9u>::isScalar() const
 *fill*         0x0000000008007d16        0xa 
 .text._ZN6uavcan5ArrayINS_9FloatSpecILj16ELNS_8CastModeE0EEELNS_9ArrayModeE1ELj9EE20packSquareMatrixImplIPKfEEvT_
                0x0000000008007d20      0x102 build/obj/gnss.o
                0x0000000008007d20                void uavcan::Array<uavcan::FloatSpec<16u, (uavcan::CastMode)0>, (uavcan::ArrayMode)1, 9u>::packSquareMatrixImpl<float const*>(float const*)
 *fill*         0x0000000008007e22        0xe 
 .text._ZN6uavcan9equipment4gnss4Fix_ILi0EE6encodeERKS3_RNS_11ScalarCodecENS_25TailArrayOptimizationModeE
                0x0000000008007e30      0x1f6 build/obj/gnss.o
                0x0000000008007e30                uavcan::equipment::gnss::Fix_<0>::encode(uavcan::equipment::gnss::Fix_<0> const&, uavcan::ScalarCodec&, uavcan::TailArrayOptimizationMode)
 *fill*         0x0000000008008026        0xa 
 .text._ZN6uavcan16GenericPublisherINS_9equipment4gnss4Fix_ILi0EEES4_E14genericPublishERKS4_NS_12TransferTypeENS_6NodeIDEPNS_10TransferIDENS_13MonotonicTimeE
                0x0000000008008030       0x88 build/obj/gnss.o
                0x0000000008008030                uavcan::GenericPublisher<uavcan::equipment::gnss::Fix_<0>, uavcan::equipment::gnss::Fix_<0> >::genericPublish(uavcan::equipment::gnss::Fix_<0> const&, uavcan::TransferType, uavcan::NodeID, uavcan::TransferID*, uavcan::MonotonicTime)
 *fill*         0x00000000080080b8        0x8 
 .text._ZN4gnss12_GLOBAL__N_110publishFixERKN5ublox3FixERKNS1_14GpsLeapSecondsE.isra.107
                0x00000000080080c0      0x1c8 build/obj/gnss.o
 *fill*         0x0000000008008288        0x8 
 .text._ZNK4gnss12_GLOBAL__N_110GnssThread9handleFixERKN5ublox3FixE
                0x0000000008008290       0x58 build/obj/gnss.o
 *fill*         0x00000000080082e8        0x8 
 .text._ZN6uavcan17MonotonicDurationD2Ev
                0x00000000080082f0        0x2 build/obj/magnetometer.o
                0x00000000080082f0                uavcan::MonotonicDuration::~MonotonicDuration()
                0x00000000080082f0                uavcan::MonotonicDuration::~MonotonicDuration()
 *fill*         0x00000000080082f2        0xe 
 .text._ZN6uavcan9PublisherINS_9equipment4ahrs22MagneticFieldStrength_ILi0EEEED2Ev
                0x0000000008008300        0x2 build/obj/magnetometer.o
                0x0000000008008300                uavcan::Publisher<uavcan::equipment::ahrs::MagneticFieldStrength_<0> >::~Publisher()
                0x0000000008008300                uavcan::Publisher<uavcan::equipment::ahrs::MagneticFieldStrength_<0> >::~Publisher()
 *fill*         0x0000000008008302        0xe 
 .text._ZN6uavcan20StaticTransferBufferILt25EED2Ev
                0x0000000008008310        0x2 build/obj/magnetometer.o
                0x0000000008008310                uavcan::StaticTransferBuffer<(unsigned short)25>::~StaticTransferBuffer()
                0x0000000008008310                uavcan::StaticTransferBuffer<(unsigned short)25>::~StaticTransferBuffer()
 *fill*         0x0000000008008312        0xe 
 .text._ZN12magnetometer12_GLOBAL__N_19MagThreadD2Ev
                0x0000000008008320        0x2 build/obj/magnetometer.o
 *fill*         0x0000000008008322        0xe 
 .text._ZN10chibios_rt16BaseStaticThreadILi1024EE5startEm
                0x0000000008008330       0x2c build/obj/magnetometer.o
                0x0000000008008330                chibios_rt::BaseStaticThread<1024>::start(unsigned long)
 *fill*         0x000000000800835c        0x4 
 .text._ZN6uavcan20StaticTransferBufferILt25EED0Ev
                0x0000000008008360        0xc build/obj/magnetometer.o
                0x0000000008008360                uavcan::StaticTransferBuffer<(unsigned short)25>::~StaticTransferBuffer()
 *fill*         0x000000000800836c        0x4 
 .text._ZN6uavcan9FloatSpecILj16ELNS_8CastModeE0EE6encodeEfRNS_11ScalarCodecENS_25TailArrayOptimizationModeE.isra.35
                0x0000000008008370       0x5c build/obj/magnetometer.o
 *fill*         0x00000000080083cc        0x4 
 .text._ZN12magnetometer12_GLOBAL__N_114tryReadRawDataEPs
                0x00000000080083d0       0x7c build/obj/magnetometer.o
 *fill*         0x000000000800844c        0x4 
 .text._ZN12magnetometer12_GLOBAL__N_115writeCraCrbModeEhhh.constprop.48
                0x0000000008008450       0x98 build/obj/magnetometer.o
 *fill*         0x00000000080084e8        0x8 
 .text._ZN12magnetometer12_GLOBAL__N_111trySelfTestEb
                0x00000000080084f0       0xa4 build/obj/magnetometer.o
 *fill*         0x0000000008008594        0xc 
 .text._ZN12magnetometer4initEv
                0x00000000080085a0       0x18 build/obj/magnetometer.o
                0x00000000080085a0                magnetometer::init()
 *fill*         0x00000000080085b8        0x8 
 .text._ZN6uavcan9PublisherINS_9equipment4ahrs22MagneticFieldStrength_ILi0EEEEC2ERNS_5INodeENS_17MonotonicDurationES8_
                0x00000000080085c0       0x5c build/obj/magnetometer.o
                0x00000000080085c0                uavcan::Publisher<uavcan::equipment::ahrs::MagneticFieldStrength_<0> >::Publisher(uavcan::INode&, uavcan::MonotonicDuration, uavcan::MonotonicDuration)
                0x00000000080085c0                uavcan::Publisher<uavcan::equipment::ahrs::MagneticFieldStrength_<0> >::Publisher(uavcan::INode&, uavcan::MonotonicDuration, uavcan::MonotonicDuration)
 *fill*         0x000000000800861c        0x4 
 .text._ZN6uavcan16GenericPublisherINS_9equipment4ahrs22MagneticFieldStrength_ILi0EEES4_E14genericPublishERKS4_NS_12TransferTypeENS_6NodeIDEPNS_10TransferIDENS_13MonotonicTimeE
                0x0000000008008620       0xbc build/obj/magnetometer.o
                0x0000000008008620                uavcan::GenericPublisher<uavcan::equipment::ahrs::MagneticFieldStrength_<0>, uavcan::equipment::ahrs::MagneticFieldStrength_<0> >::genericPublish(uavcan::equipment::ahrs::MagneticFieldStrength_<0> const&, uavcan::TransferType, uavcan::NodeID, uavcan::TransferID*, uavcan::MonotonicTime)
 *fill*         0x00000000080086dc        0x4 
 .text._ZN12magnetometer12_GLOBAL__N_17publishEPff
                0x00000000080086e0       0xc8 build/obj/magnetometer.o
 *fill*         0x00000000080087a8        0x8 
 .text._ZNK6uavcan10ICanDriver8getIfaceEh
                0x00000000080087b0        0x6 build/obj/node.o
                0x00000000080087b0                uavcan::ICanDriver::getIface(unsigned char) const
 *fill*         0x00000000080087b6        0xa 
 .text._ZN6uavcan13PoolAllocatorILj7168ELh56EcED2Ev
                0x00000000080087c0        0x2 build/obj/node.o
                0x00000000080087c0                uavcan::PoolAllocator<7168u, (unsigned char)56, char>::~PoolAllocator()
                0x00000000080087c0                uavcan::PoolAllocator<7168u, (unsigned char)56, char>::~PoolAllocator()
 *fill*         0x00000000080087c2        0xe 
 .text._ZNSt17_Function_handlerIFvRKN6uavcan10TimerEventEEPS4_E9_M_invokeERKSt9_Any_dataS3_
                0x00000000080087d0        0x6 build/obj/node.o
                0x00000000080087d0                std::_Function_handler<void (uavcan::TimerEvent const&), void (*)(uavcan::TimerEvent const&)>::_M_invoke(std::_Any_data const&, uavcan::TimerEvent const&)
 *fill*         0x00000000080087d6        0xa 
 .text._ZNSt14_Function_base13_Base_managerIPFvRKN6uavcan10TimerEventEEE10_M_managerERSt9_Any_dataRKS8_St18_Manager_operation
                0x00000000080087e0       0x18 build/obj/node.o
                0x00000000080087e0                std::_Function_base::_Base_manager<void (*)(uavcan::TimerEvent const&)>::_M_manager(std::_Any_data&, std::_Any_data const&, std::_Manager_operation)
 *fill*         0x00000000080087f8        0x8 
 .text._ZN6uavcan20StaticTransferBufferILt123EED2Ev
                0x0000000008008800        0x2 build/obj/node.o
                0x0000000008008800                uavcan::StaticTransferBuffer<(unsigned short)123>::~StaticTransferBuffer()
                0x0000000008008800                uavcan::StaticTransferBuffer<(unsigned short)123>::~StaticTransferBuffer()
 *fill*         0x0000000008008802        0xe 
 .text._ZN6uavcan20StaticTransferBufferILt7EED2Ev
                0x0000000008008810        0x2 build/obj/node.o
                0x0000000008008810                uavcan::StaticTransferBuffer<(unsigned short)7>::~StaticTransferBuffer()
                0x0000000008008810                uavcan::StaticTransferBuffer<(unsigned short)7>::~StaticTransferBuffer()
 *fill*         0x0000000008008812        0xe 
 .text._ZN4node12_GLOBAL__N_121RestartRequestHandlerD2Ev
                0x0000000008008820        0x2 build/obj/node.o
 *fill*         0x0000000008008822        0xe 
 .text._ZN4node12_GLOBAL__N_112ParamManagerD2Ev
                0x0000000008008830        0x2 build/obj/node.o
 *fill*         0x0000000008008832        0xe 
 .text._ZN4node12_GLOBAL__N_15._345D2Ev
                0x0000000008008840        0x2 build/obj/node.o
 *fill*         0x0000000008008842        0xe 
 .text._ZN6uavcan4NodeILj7168EE12getAllocatorEv
                0x0000000008008850        0x4 build/obj/node.o
                0x0000000008008850                uavcan::Node<7168u>::getAllocator()
 *fill*         0x0000000008008854        0xc 
 .text._ZN6uavcan4NodeILj7168EE12getSchedulerEv
                0x0000000008008860        0x8 build/obj/node.o
                0x0000000008008860                uavcan::Node<7168u>::getScheduler()
 *fill*         0x0000000008008868        0x8 
 .text._ZNK6uavcan4NodeILj7168EE12getSchedulerEv
                0x0000000008008870        0x8 build/obj/node.o
                0x0000000008008870                uavcan::Node<7168u>::getScheduler() const
 *fill*         0x0000000008008878        0x8 
 .text._ZN6uavcan13PoolAllocatorILj7168ELh56EcE8allocateEj
                0x0000000008008880       0x30 build/obj/node.o
                0x0000000008008880                uavcan::PoolAllocator<7168u, (unsigned char)56, char>::allocate(unsigned int)
 .text._ZN6uavcan13PoolAllocatorILj7168ELh56EcE10deallocateEPKv
                0x00000000080088b0       0x14 build/obj/node.o
                0x00000000080088b0                uavcan::PoolAllocator<7168u, (unsigned char)56, char>::deallocate(void const*)
 *fill*         0x00000000080088c4        0xc 
 .text._ZNK6uavcan13PoolAllocatorILj7168ELh56EcE16getBlockCapacityEv
                0x00000000080088d0        0x4 build/obj/node.o
                0x00000000080088d0                uavcan::PoolAllocator<7168u, (unsigned char)56, char>::getBlockCapacity() const
 *fill*         0x00000000080088d4        0xc 
 .text._ZN6uavcan17GenericSubscriberINS_8protocol18GetTransportStats_ENS2_8Request_ILi0EEENS_16TransferListenerEE17TransferForwarder22handleIncomingTransferERNS_16IncomingTransferE
                0x00000000080088e0       0x20 build/obj/node.o
                0x00000000080088e0                uavcan::GenericSubscriber<uavcan::protocol::GetTransportStats_, uavcan::protocol::GetTransportStats_::Request_<0>, uavcan::TransferListener>::TransferForwarder::handleIncomingTransfer(uavcan::IncomingTransfer&)
 .text._ZN6uavcan20StaticTransferBufferILt129EED2Ev
                0x0000000008008900        0x2 build/obj/node.o
                0x0000000008008900                uavcan::StaticTransferBuffer<(unsigned short)129>::~StaticTransferBuffer()
                0x0000000008008900                uavcan::StaticTransferBuffer<(unsigned short)129>::~StaticTransferBuffer()
 *fill*         0x0000000008008902        0xe 
 .text._ZN6uavcan20StaticTransferBufferILt371EED2Ev
                0x0000000008008910        0x2 build/obj/node.o
                0x0000000008008910                uavcan::StaticTransferBuffer<(unsigned short)371>::~StaticTransferBuffer()
                0x0000000008008910                uavcan::StaticTransferBuffer<(unsigned short)371>::~StaticTransferBuffer()
 *fill*         0x0000000008008912        0xe 
 .text._ZN6uavcan20StaticTransferBufferILt73EED2Ev
                0x0000000008008920        0x2 build/obj/node.o
                0x0000000008008920                uavcan::StaticTransferBuffer<(unsigned short)73>::~StaticTransferBuffer()
                0x0000000008008920                uavcan::StaticTransferBuffer<(unsigned short)73>::~StaticTransferBuffer()
 *fill*         0x0000000008008922        0xe 
 .text._ZN6uavcan20StaticTransferBufferILt1EED2Ev
                0x0000000008008930        0x2 build/obj/node.o
                0x0000000008008930                uavcan::StaticTransferBuffer<(unsigned short)1>::~StaticTransferBuffer()
                0x0000000008008930                uavcan::StaticTransferBuffer<(unsigned short)1>::~StaticTransferBuffer()
 *fill*         0x0000000008008932        0xe 
 .text._ZN6uavcan20StaticTransferBufferILt93EED2Ev
                0x0000000008008940        0x2 build/obj/node.o
                0x0000000008008940                uavcan::StaticTransferBuffer<(unsigned short)93>::~StaticTransferBuffer()
                0x0000000008008940                uavcan::StaticTransferBuffer<(unsigned short)93>::~StaticTransferBuffer()
 *fill*         0x0000000008008942        0xe 
 .text._ZN6uavcan20StaticTransferBufferILt377EED2Ev
                0x0000000008008950        0x2 build/obj/node.o
                0x0000000008008950                uavcan::StaticTransferBuffer<(unsigned short)377>::~StaticTransferBuffer()
                0x0000000008008950                uavcan::StaticTransferBuffer<(unsigned short)377>::~StaticTransferBuffer()
 *fill*         0x0000000008008952        0xe 
 .text._ZN6uavcan20StaticTransferBufferILt123EED0Ev
                0x0000000008008960        0xc build/obj/node.o
                0x0000000008008960                uavcan::StaticTransferBuffer<(unsigned short)123>::~StaticTransferBuffer()
 *fill*         0x000000000800896c        0x4 
 .text._ZN6uavcan20StaticTransferBufferILt73EED0Ev
                0x0000000008008970        0xc build/obj/node.o
                0x0000000008008970                uavcan::StaticTransferBuffer<(unsigned short)73>::~StaticTransferBuffer()
 *fill*         0x000000000800897c        0x4 
 .text._ZN6uavcan20StaticTransferBufferILt1EED0Ev
                0x0000000008008980        0xc build/obj/node.o
                0x0000000008008980                uavcan::StaticTransferBuffer<(unsigned short)1>::~StaticTransferBuffer()
 *fill*         0x000000000800898c        0x4 
 .text._ZN6uavcan20StaticTransferBufferILt93EED0Ev
                0x0000000008008990        0xc build/obj/node.o
                0x0000000008008990                uavcan::StaticTransferBuffer<(unsigned short)93>::~StaticTransferBuffer()
 *fill*         0x000000000800899c        0x4 
 .text._ZN6uavcan20StaticTransferBufferILt377EED0Ev
                0x00000000080089a0        0xc build/obj/node.o
                0x00000000080089a0                uavcan::StaticTransferBuffer<(unsigned short)377>::~StaticTransferBuffer()
 *fill*         0x00000000080089ac        0x4 
 .text._ZN6uavcan20StaticTransferBufferILt7EED0Ev
                0x00000000080089b0        0xc build/obj/node.o
                0x00000000080089b0                uavcan::StaticTransferBuffer<(unsigned short)7>::~StaticTransferBuffer()
 *fill*         0x00000000080089bc        0x4 
 .text._ZN6uavcan20StaticTransferBufferILt371EED0Ev
                0x00000000080089c0        0xc build/obj/node.o
                0x00000000080089c0                uavcan::StaticTransferBuffer<(unsigned short)371>::~StaticTransferBuffer()
 *fill*         0x00000000080089cc        0x4 
 .text._ZN6uavcan20StaticTransferBufferILt129EED0Ev
                0x00000000080089d0        0xc build/obj/node.o
                0x00000000080089d0                uavcan::StaticTransferBuffer<(unsigned short)129>::~StaticTransferBuffer()
 *fill*         0x00000000080089dc        0x4 
 .text._ZN6uavcan13PoolAllocatorILj7168ELh56EcED0Ev
                0x00000000080089e0        0xc build/obj/node.o
                0x00000000080089e0                uavcan::PoolAllocator<7168u, (unsigned char)56, char>::~PoolAllocator()
 *fill*         0x00000000080089ec        0x4 
 .text._ZN4node12_GLOBAL__N_121RestartRequestHandlerD0Ev
                0x00000000080089f0        0xc build/obj/node.o
 *fill*         0x00000000080089fc        0x4 
 .text._ZN4node12_GLOBAL__N_112ParamManagerD0Ev
                0x0000000008008a00        0xc build/obj/node.o
 *fill*         0x0000000008008a0c        0x4 
 .text._ZN6uavcan17GenericSubscriberINS_8protocol18GetTransportStats_ENS2_8Request_ILi0EEENS_16TransferListenerEE17TransferForwarderD2Ev
                0x0000000008008a10       0x14 build/obj/node.o
                0x0000000008008a10                uavcan::GenericSubscriber<uavcan::protocol::GetTransportStats_, uavcan::protocol::GetTransportStats_::Request_<0>, uavcan::TransferListener>::TransferForwarder::~TransferForwarder()
                0x0000000008008a10                uavcan::GenericSubscriber<uavcan::protocol::GetTransportStats_, uavcan::protocol::GetTransportStats_::Request_<0>, uavcan::TransferListener>::TransferForwarder::~TransferForwarder()
 *fill*         0x0000000008008a24        0xc 
 .text._ZN6uavcan17GenericSubscriberINS_8protocol18GetTransportStats_ENS2_8Request_ILi0EEENS_16TransferListenerEE17TransferForwarderD0Ev
                0x0000000008008a30       0x12 build/obj/node.o
                0x0000000008008a30                uavcan::GenericSubscriber<uavcan::protocol::GetTransportStats_, uavcan::protocol::GetTransportStats_::Request_<0>, uavcan::TransferListener>::TransferForwarder::~TransferForwarder()
 *fill*         0x0000000008008a42        0xe 
 .text._ZN6uavcan17GenericSubscriberINS_8protocol12RestartNode_ENS2_8Request_ILi0EEENS_16TransferListenerEE17TransferForwarderD2Ev
                0x0000000008008a50       0x14 build/obj/node.o
                0x0000000008008a50                uavcan::GenericSubscriber<uavcan::protocol::RestartNode_, uavcan::protocol::RestartNode_::Request_<0>, uavcan::TransferListener>::TransferForwarder::~TransferForwarder()
                0x0000000008008a50                uavcan::GenericSubscriber<uavcan::protocol::RestartNode_, uavcan::protocol::RestartNode_::Request_<0>, uavcan::TransferListener>::TransferForwarder::~TransferForwarder()
 *fill*         0x0000000008008a64        0xc 
 .text._ZN6uavcan17GenericSubscriberINS_8protocol12RestartNode_ENS2_8Request_ILi0EEENS_16TransferListenerEE17TransferForwarderD0Ev
                0x0000000008008a70       0x12 build/obj/node.o
                0x0000000008008a70                uavcan::GenericSubscriber<uavcan::protocol::RestartNode_, uavcan::protocol::RestartNode_::Request_<0>, uavcan::TransferListener>::TransferForwarder::~TransferForwarder()
 *fill*         0x0000000008008a82        0xe 
 .text._ZN6uavcan17GenericSubscriberINS_8protocol16GetDataTypeInfo_ENS2_8Request_ILi0EEENS_16TransferListenerEE17TransferForwarderD2Ev
                0x0000000008008a90       0x14 build/obj/node.o
                0x0000000008008a90                uavcan::GenericSubscriber<uavcan::protocol::GetDataTypeInfo_, uavcan::protocol::GetDataTypeInfo_::Request_<0>, uavcan::TransferListener>::TransferForwarder::~TransferForwarder()
                0x0000000008008a90                uavcan::GenericSubscriber<uavcan::protocol::GetDataTypeInfo_, uavcan::protocol::GetDataTypeInfo_::Request_<0>, uavcan::TransferListener>::TransferForwarder::~TransferForwarder()
 *fill*         0x0000000008008aa4        0xc 
 .text._ZN6uavcan17GenericSubscriberINS_8protocol16GetDataTypeInfo_ENS2_8Request_ILi0EEENS_16TransferListenerEE17TransferForwarderD0Ev
                0x0000000008008ab0       0x12 build/obj/node.o
                0x0000000008008ab0                uavcan::GenericSubscriber<uavcan::protocol::GetDataTypeInfo_, uavcan::protocol::GetDataTypeInfo_::Request_<0>, uavcan::TransferListener>::TransferForwarder::~TransferForwarder()
 *fill*         0x0000000008008ac2        0xe 
 .text._ZN6uavcan17GenericSubscriberINS_8protocol15GlobalTimeSync_ILi0EEES3_NS_16TransferListenerEE17TransferForwarderD2Ev
                0x0000000008008ad0       0x14 build/obj/node.o
                0x0000000008008ad0                uavcan::GenericSubscriber<uavcan::protocol::GlobalTimeSync_<0>, uavcan::protocol::GlobalTimeSync_<0>, uavcan::TransferListener>::TransferForwarder::~TransferForwarder()
                0x0000000008008ad0                uavcan::GenericSubscriber<uavcan::protocol::GlobalTimeSync_<0>, uavcan::protocol::GlobalTimeSync_<0>, uavcan::TransferListener>::TransferForwarder::~TransferForwarder()
 *fill*         0x0000000008008ae4        0xc 
 .text._ZN6uavcan17GenericSubscriberINS_8protocol15GlobalTimeSync_ILi0EEES3_NS_16TransferListenerEE17TransferForwarderD0Ev
                0x0000000008008af0       0x12 build/obj/node.o
                0x0000000008008af0                uavcan::GenericSubscriber<uavcan::protocol::GlobalTimeSync_<0>, uavcan::protocol::GlobalTimeSync_<0>, uavcan::TransferListener>::TransferForwarder::~TransferForwarder()
 *fill*         0x0000000008008b02        0xe 
 .text._ZN6uavcan17GenericSubscriberINS_8protocol5param14ExecuteOpcode_ENS3_8Request_ILi0EEENS_16TransferListenerEE17TransferForwarderD2Ev
                0x0000000008008b10       0x14 build/obj/node.o
                0x0000000008008b10                uavcan::GenericSubscriber<uavcan::protocol::param::ExecuteOpcode_, uavcan::protocol::param::ExecuteOpcode_::Request_<0>, uavcan::TransferListener>::TransferForwarder::~TransferForwarder()
                0x0000000008008b10                uavcan::GenericSubscriber<uavcan::protocol::param::ExecuteOpcode_, uavcan::protocol::param::ExecuteOpcode_::Request_<0>, uavcan::TransferListener>::TransferForwarder::~TransferForwarder()
 *fill*         0x0000000008008b24        0xc 
 .text._ZN6uavcan17GenericSubscriberINS_8protocol5param14ExecuteOpcode_ENS3_8Request_ILi0EEENS_16TransferListenerEE17TransferForwarderD0Ev
                0x0000000008008b30       0x12 build/obj/node.o
                0x0000000008008b30                uavcan::GenericSubscriber<uavcan::protocol::param::ExecuteOpcode_, uavcan::protocol::param::ExecuteOpcode_::Request_<0>, uavcan::TransferListener>::TransferForwarder::~TransferForwarder()
 *fill*         0x0000000008008b42        0xe 
 .text._ZN6uavcan17GenericSubscriberINS_8protocol5param7GetSet_ENS3_8Request_ILi0EEENS_16TransferListenerEE17TransferForwarderD2Ev
                0x0000000008008b50       0x14 build/obj/node.o
                0x0000000008008b50                uavcan::GenericSubscriber<uavcan::protocol::param::GetSet_, uavcan::protocol::param::GetSet_::Request_<0>, uavcan::TransferListener>::TransferForwarder::~TransferForwarder()
                0x0000000008008b50                uavcan::GenericSubscriber<uavcan::protocol::param::GetSet_, uavcan::protocol::param::GetSet_::Request_<0>, uavcan::TransferListener>::TransferForwarder::~TransferForwarder()
 *fill*         0x0000000008008b64        0xc 
 .text._ZN6uavcan17GenericSubscriberINS_8protocol5param7GetSet_ENS3_8Request_ILi0EEENS_16TransferListenerEE17TransferForwarderD0Ev
                0x0000000008008b70       0x12 build/obj/node.o
                0x0000000008008b70                uavcan::GenericSubscriber<uavcan::protocol::param::GetSet_, uavcan::protocol::param::GetSet_::Request_<0>, uavcan::TransferListener>::TransferForwarder::~TransferForwarder()
 *fill*         0x0000000008008b82        0xe 
 .text._ZN6uavcan17GenericSubscriberINS_8protocol4file20BeginFirmwareUpdate_ENS3_8Request_ILi0EEENS_16TransferListenerEE17TransferForwarderD2Ev
                0x0000000008008b90       0x14 build/obj/node.o
                0x0000000008008b90                uavcan::GenericSubscriber<uavcan::protocol::file::BeginFirmwareUpdate_, uavcan::protocol::file::BeginFirmwareUpdate_::Request_<0>, uavcan::TransferListener>::TransferForwarder::~TransferForwarder()
                0x0000000008008b90                uavcan::GenericSubscriber<uavcan::protocol::file::BeginFirmwareUpdate_, uavcan::protocol::file::BeginFirmwareUpdate_::Request_<0>, uavcan::TransferListener>::TransferForwarder::~TransferForwarder()
 *fill*         0x0000000008008ba4        0xc 
 .text._ZN6uavcan17GenericSubscriberINS_8protocol4file20BeginFirmwareUpdate_ENS3_8Request_ILi0EEENS_16TransferListenerEE17TransferForwarderD0Ev
                0x0000000008008bb0       0x12 build/obj/node.o
                0x0000000008008bb0                uavcan::GenericSubscriber<uavcan::protocol::file::BeginFirmwareUpdate_, uavcan::protocol::file::BeginFirmwareUpdate_::Request_<0>, uavcan::TransferListener>::TransferForwarder::~TransferForwarder()
 *fill*         0x0000000008008bc2        0xe 
 .text._ZN4node12_GLOBAL__N_121RestartRequestHandler20handleRestartRequestEN6uavcan6NodeIDE
                0x0000000008008bd0       0x1c build/obj/node.o
 *fill*         0x0000000008008bec        0x4 
 .text._ZN6uavcan19TimerEventForwarderISt8functionIFvRKNS_10TimerEventEEEE16handleTimerEventES4_
                0x0000000008008bf0       0x14 build/obj/node.o
                0x0000000008008bf0                uavcan::TimerEventForwarder<std::function<void (uavcan::TimerEvent const&)> >::handleTimerEvent(uavcan::TimerEvent const&)
 *fill*         0x0000000008008c04        0xc 
 .text._ZN4node12_GLOBAL__N_112ParamManager14eraseAllParamsEv
                0x0000000008008c10        0x4 build/obj/node.o
 *fill*         0x0000000008008c14        0xc 
 .text._ZN4node12_GLOBAL__N_112ParamManager13saveAllParamsEv
                0x0000000008008c20        0x4 build/obj/node.o
 *fill*         0x0000000008008c24        0xc 
 .text._ZN4node12_GLOBAL__N_112ParamManager16assignParamValueERKN6uavcan5ArrayINS2_11IntegerSpecILj8ELNS2_10SignednessE0ELNS2_8CastModeE0EEELNS2_9ArrayModeE1ELj92EEERKNS2_8protocol5param6Value_ILi0EEE
                0x0000000008008c30       0x44 build/obj/node.o
 *fill*         0x0000000008008c74        0xc 
 .text._ZN6uavcan11ParamServer19handleExecuteOpcodeERKNS_8protocol5param14ExecuteOpcode_8Request_ILi0EEERNS3_9Response_ILi0EEE
                0x0000000008008c80       0x2e build/obj/node.o
                0x0000000008008c80                uavcan::ParamServer::handleExecuteOpcode(uavcan::protocol::param::ExecuteOpcode_::Request_<0> const&, uavcan::protocol::param::ExecuteOpcode_::Response_<0>&)
 *fill*         0x0000000008008cae        0x2 
 .text._ZN6uavcan19TransferPerfCounter8addErrorEv.isra.6
                0x0000000008008cb0       0x10 build/obj/node.o
 .text._ZNK4node12_GLOBAL__N_112ParamManager7convertEf14ConfigDataTypeRN6uavcan8protocol5param13NumericValue_ILi0EEE.isra.33
                0x0000000008008cc0       0x2a build/obj/node.o
 *fill*         0x0000000008008cea        0x6 
 .text._ZNK13zubax_chibios6config9_internal5ParamIjE3getEv.isra.54
                0x0000000008008cf0        0xc build/obj/node.o
 *fill*         0x0000000008008cfc        0x4 
 .text._ZNK6uavcan20RestartRequestServer17handleRestartNodeERKNS_21ReceivedDataStructureINS_8protocol12RestartNode_8Request_ILi0EEEEERNS3_9Response_ILi0EEE
                0x0000000008008d00       0x40 build/obj/node.o
                0x0000000008008d00                uavcan::RestartRequestServer::handleRestartNode(uavcan::ReceivedDataStructure<uavcan::protocol::RestartNode_::Request_<0> > const&, uavcan::protocol::RestartNode_::Response_<0>&) const
 .text._ZN6uavcan11ParamServer12handleGetSetERKNS_8protocol5param7GetSet_8Request_ILi0EEERNS3_9Response_ILi0EEE
                0x0000000008008d40       0x80 build/obj/node.o
                0x0000000008008d40                uavcan::ParamServer::handleGetSet(uavcan::protocol::param::GetSet_::Request_<0> const&, uavcan::protocol::param::GetSet_::Response_<0>&)
 .text._ZN6uavcan11IntegerSpecILj7ELNS_10SignednessE0ELNS_8CastModeE0EE6encodeEhRNS_11ScalarCodecENS_25TailArrayOptimizationModeE.isra.203
                0x0000000008008dc0       0x22 build/obj/node.o
 *fill*         0x0000000008008de2        0xe 
 .text._ZN6uavcan11IntegerSpecILj8ELNS_10SignednessE0ELNS_8CastModeE0EE6encodeEhRNS_11ScalarCodecENS_25TailArrayOptimizationModeE.isra.204
                0x0000000008008df0       0x18 build/obj/node.o
 *fill*         0x0000000008008e08        0x8 
 .text._ZN6uavcan11IntegerSpecILj48ELNS_10SignednessE0ELNS_8CastModeE0EE6encodeEyRNS_11ScalarCodecENS_25TailArrayOptimizationModeE.isra.323
                0x0000000008008e10       0x2c build/obj/node.o
 *fill*         0x0000000008008e3c        0x4 
 .text._ZNK4node12_GLOBAL__N_112ParamManager7convertEf14ConfigDataTypeRN6uavcan8protocol5param6Value_ILi0EEE.isra.59
                0x0000000008008e40       0xbc build/obj/node.o
 *fill*         0x0000000008008efc        0x4 
 .text._ZNK4node12_GLOBAL__N_112ParamManager14readParamValueERKN6uavcan5ArrayINS2_11IntegerSpecILj8ELNS2_10SignednessE0ELNS2_8CastModeE0EEELNS2_9ArrayModeE1ELj92EEERNS2_8protocol5param6Value_ILi0EEE